
===========================================================================
 report_power
============================================================================
======================= nom_tt_025C_1v80 Corner ===================================

Group                    Internal    Switching      Leakage        Total
                            Power        Power        Power        Power (Watts)
------------------------------------------------------------------------
Sequential           1.114069e-03 1.347522e-04 3.933217e-09 1.248826e-03   4.0%
Combinational        1.729419e-02 1.292773e-02 1.368144e-08 3.022193e-02  96.0%
Clock                0.000000e+00 0.000000e+00 0.000000e+00 0.000000e+00   0.0%
Macro                0.000000e+00 0.000000e+00 0.000000e+00 0.000000e+00   0.0%
Pad                  0.000000e+00 0.000000e+00 0.000000e+00 0.000000e+00   0.0%
------------------------------------------------------------------------
Total                1.840826e-02 1.306248e-02 1.761472e-08 3.147076e-02 100.0%
                            58.5%        41.5%         0.0%

