
===========================================================================
report_checks -unconstrained
===========================================================================
======================= nom_ss_100C_1v60 Corner ===================================

Startpoint: sample_in[5] (input port clocked by clk)
Endpoint: _9219_ (rising edge-triggered flip-flop clocked by clk)
Path Group: clk
Path Type: max

Fanout         Cap        Slew       Delay        Time   Description
---------------------------------------------------------------------------------------------
                                  0.000000    0.000000   clock clk (rise edge)
                                  0.000000    0.000000   clock network delay (propagated)
                                  4.000000    4.000000 v input external delay
     1    0.003559    0.000000    0.000000    4.000000 v sample_in[5] (in)
                                                         sample_in[5] (net)
                      0.000116    0.000060    4.000060 v input13/A (sky130_fd_sc_hd__clkbuf_4)
     2    0.040318    0.158615    0.311851    4.311910 v input13/X (sky130_fd_sc_hd__clkbuf_4)
                                                         net13 (net)
                      0.158864    0.004290    4.316200 v hold755/A (sky130_fd_sc_hd__dlygate4sd3_1)
     3    0.039399    0.405244    1.528016    5.844216 v hold755/X (sky130_fd_sc_hd__dlygate4sd3_1)
                                                         net755 (net)
                      0.405244    0.001608    5.845824 v fanout346/A (sky130_fd_sc_hd__dlygate4sd1_1)
     2    0.007797    0.101521    0.686364    6.532189 v fanout346/X (sky130_fd_sc_hd__dlygate4sd1_1)
                                                         net346 (net)
                      0.101521    0.000216    6.532404 v wire347/A (sky130_fd_sc_hd__clkbuf_4)
     7    0.053613    0.200215    0.394199    6.926603 v wire347/X (sky130_fd_sc_hd__clkbuf_4)
                                                         net347 (net)
                      0.200279    0.003522    6.930125 v fanout344/A (sky130_fd_sc_hd__buf_2)
     9    0.044798    0.208271    0.448797    7.378922 v fanout344/X (sky130_fd_sc_hd__buf_2)
                                                         net344 (net)
                      0.208279    0.001548    7.380470 v load_slew345/A (sky130_fd_sc_hd__buf_4)
     8    0.044124    0.122076    0.393630    7.774100 v load_slew345/X (sky130_fd_sc_hd__buf_4)
                                                         net345 (net)
                      0.122083    0.001133    7.775233 v _5316_/B (sky130_fd_sc_hd__and2_2)
     3    0.017424    0.130634    0.509841    8.285074 v _5316_/X (sky130_fd_sc_hd__and2_2)
                                                         _0774_ (net)
                      0.130634    0.000506    8.285581 v _6417_/B1 (sky130_fd_sc_hd__a21oi_4)
     4    0.021266    0.298374    0.325751    8.611331 ^ _6417_/Y (sky130_fd_sc_hd__a21oi_4)
                                                         _1868_ (net)
                      0.298374    0.000796    8.612127 ^ _6418_/B (sky130_fd_sc_hd__xnor2_2)
     3    0.019243    0.438926    0.366116    8.978243 ^ _6418_/Y (sky130_fd_sc_hd__xnor2_2)
                                                         _1869_ (net)
                      0.438927    0.000545    8.978788 ^ _6478_/S (sky130_fd_sc_hd__mux2_2)
     1    0.002674    0.088138    0.804206    9.782995 v _6478_/X (sky130_fd_sc_hd__mux2_2)
                                                         _1928_ (net)
                      0.088138    0.000081    9.783076 v _6479_/B1 (sky130_fd_sc_hd__a2bb2o_2)
     2    0.023436    0.168373    0.642971   10.426047 v _6479_/X (sky130_fd_sc_hd__a2bb2o_2)
                                                         _1929_ (net)
                      0.168383    0.001475   10.427523 v _6493_/B (sky130_fd_sc_hd__xnor2_4)
     2    0.018805    0.158205    0.320452   10.747974 v _6493_/Y (sky130_fd_sc_hd__xnor2_4)
                                                         _1943_ (net)
                      0.158205    0.000353   10.748327 v _6494_/B (sky130_fd_sc_hd__xnor2_4)
     1    0.016670    0.133929    0.308031   11.056358 v _6494_/Y (sky130_fd_sc_hd__xnor2_4)
                                                         _1944_ (net)
                      0.133929    0.000513   11.056871 v _6495_/A (sky130_fd_sc_hd__xnor2_4)
     3    0.025042    0.360444    0.426367   11.483238 ^ _6495_/Y (sky130_fd_sc_hd__xnor2_4)
                                                         _1945_ (net)
                      0.360444    0.000644   11.483882 ^ _6506_/B (sky130_fd_sc_hd__xnor2_4)
     4    0.011661    0.116984    0.224265   11.708147 v _6506_/Y (sky130_fd_sc_hd__xnor2_4)
                                                         _1956_ (net)
                      0.116984    0.000236   11.708383 v _6784_/A3 (sky130_fd_sc_hd__a31o_2)
     1    0.001883    0.057743    0.457666   12.166049 v _6784_/X (sky130_fd_sc_hd__a31o_2)
                                                         _2233_ (net)
                      0.057743    0.000054   12.166103 v _6785_/B_N (sky130_fd_sc_hd__or2b_4)
     1    0.009521    0.073760    0.405834   12.571937 ^ _6785_/X (sky130_fd_sc_hd__or2b_4)
                                                         _2234_ (net)
                      0.073768    0.000315   12.572252 ^ _6787_/B1 (sky130_fd_sc_hd__a221oi_4)
     2    0.011632    0.131303    0.127360   12.699613 v _6787_/Y (sky130_fd_sc_hd__a221oi_4)
                                                         _2236_ (net)
                      0.131303    0.000238   12.699850 v max_cap56/A (sky130_fd_sc_hd__clkbuf_2)
     2    0.008615    0.076661    0.241896   12.941747 v max_cap56/X (sky130_fd_sc_hd__clkbuf_2)
                                                         net56 (net)
                      0.076661    0.000338   12.942084 v _7150_/A (sky130_fd_sc_hd__or2_2)
     1    0.003439    0.113661    0.677546   13.619630 v _7150_/X (sky130_fd_sc_hd__or2_2)
                                                         _2597_ (net)
                      0.113661    0.000106   13.619736 v _7151_/B2 (sky130_fd_sc_hd__a22o_2)
     1    0.006052    0.082996    0.456395   14.076131 v _7151_/X (sky130_fd_sc_hd__a22o_2)
                                                         _2598_ (net)
                      0.082996    0.000214   14.076344 v _7152_/C1 (sky130_fd_sc_hd__o221a_4)
     3    0.016175    0.111009    0.250452   14.326797 v _7152_/X (sky130_fd_sc_hd__o221a_4)
                                                         _2599_ (net)
                      0.111014    0.000908   14.327704 v _7510_/A (sky130_fd_sc_hd__or2_4)
     1    0.005968    0.084810    0.500784   14.828489 v _7510_/X (sky130_fd_sc_hd__or2_4)
                                                         _2955_ (net)
                      0.084810    0.000150   14.828639 v _7511_/B2 (sky130_fd_sc_hd__a22o_4)
     1    0.008741    0.075222    0.428179   15.256819 v _7511_/X (sky130_fd_sc_hd__a22o_4)
                                                         _2956_ (net)
                      0.075222    0.000268   15.257087 v _7512_/C1 (sky130_fd_sc_hd__o221ai_4)
     2    0.009428    0.292449    0.109530   15.366617 ^ _7512_/Y (sky130_fd_sc_hd__o221ai_4)
                                                         _2957_ (net)
                      0.292449    0.000327   15.366943 ^ _7652_/A2 (sky130_fd_sc_hd__a21oi_2)
     2    0.007677    0.106052    0.213959   15.580902 v _7652_/Y (sky130_fd_sc_hd__a21oi_2)
                                                         _3096_ (net)
                      0.106052    0.000243   15.581145 v max_cap42/A (sky130_fd_sc_hd__buf_6)
     4    0.023877    0.063563    0.253822   15.834968 v max_cap42/X (sky130_fd_sc_hd__buf_6)
                                                         net42 (net)
                      0.063620    0.001762   15.836730 v _7995_/A1 (sky130_fd_sc_hd__a21o_2)
     1    0.002619    0.056387    0.342764   16.179493 v _7995_/X (sky130_fd_sc_hd__a21o_2)
                                                         _3436_ (net)
                      0.056387    0.000076   16.179569 v _7996_/B1 (sky130_fd_sc_hd__a22o_2)
     1    0.004710    0.075712    0.397074   16.576645 v _7996_/X (sky130_fd_sc_hd__a22o_2)
                                                         _3437_ (net)
                      0.075712    0.000156   16.576801 v _8000_/B1 (sky130_fd_sc_hd__a221o_2)
     1    0.005070    0.101796    0.652488   17.229288 v _8000_/X (sky130_fd_sc_hd__a221o_2)
                                                         _3441_ (net)
                      0.101796    0.000165   17.229454 v _8001_/B1 (sky130_fd_sc_hd__o21ai_2)
     1    0.016706    0.366121    0.180968   17.410421 ^ _8001_/Y (sky130_fd_sc_hd__o21ai_2)
                                                         _3442_ (net)
                      0.366121    0.000345   17.410767 ^ _8044_/B (sky130_fd_sc_hd__xnor2_4)
     1    0.072654    0.396814    0.447923   17.858688 v _8044_/Y (sky130_fd_sc_hd__xnor2_4)
                                                         _3485_ (net)
                      0.397148    0.009557   17.868246 v _8045_/A1 (sky130_fd_sc_hd__mux2_2)
     1    0.002597    0.088028    0.688798   18.557045 v _8045_/X (sky130_fd_sc_hd__mux2_2)
                                                         _3486_ (net)
                      0.088028    0.000076   18.557121 v _8117_/A0 (sky130_fd_sc_hd__mux2_2)
     1    0.002816    0.088760    0.547525   19.104645 v _8117_/X (sky130_fd_sc_hd__mux2_2)
                                                         _3558_ (net)
                      0.088760    0.000083   19.104729 v _8118_/A (sky130_fd_sc_hd__buf_1)
     1    0.002419    0.046592    0.168480   19.273209 v _8118_/X (sky130_fd_sc_hd__buf_1)
                                                         _0200_ (net)
                      0.046592    0.000071   19.273281 v _9219_/D (sky130_fd_sc_hd__dfrtp_2)
                                             19.273281   data arrival time

                                 20.000000   20.000000   clock clk (rise edge)
                                  0.000000   20.000000   clock source latency
     1    0.053665    0.150000    0.000000   20.000000 ^ clk (in)
                                                         clk (net)
                      0.157646    0.003746   20.003746 ^ clkbuf_0_clk/A (sky130_fd_sc_hd__clkbuf_16)
     4    0.085242    0.155320    0.331420   20.335167 ^ clkbuf_0_clk/X (sky130_fd_sc_hd__clkbuf_16)
                                                         clknet_0_clk (net)
                      0.155549    0.003450   20.338617 ^ clkbuf_2_3__f_clk/A (sky130_fd_sc_hd__clkbuf_16)
     8    0.113286    0.194656    0.360194   20.698811 ^ clkbuf_2_3__f_clk/X (sky130_fd_sc_hd__clkbuf_16)
                                                         clknet_2_3__leaf_clk (net)
                      0.194725    0.003508   20.702318 ^ clkbuf_leaf_33_clk/A (sky130_fd_sc_hd__clkbuf_8)
     6    0.025903    0.097685    0.300268   21.002586 ^ clkbuf_leaf_33_clk/X (sky130_fd_sc_hd__clkbuf_8)
                                                         clknet_leaf_33_clk (net)
                      0.097686    0.000545   21.003132 ^ _9219_/CLK (sky130_fd_sc_hd__dfrtp_2)
                                 -0.100000   20.903131   clock uncertainty
                                  0.000000   20.903131   clock reconvergence pessimism
                                 -0.259456   20.643675   library setup time
                                             20.643675   data required time
---------------------------------------------------------------------------------------------
                                             20.643675   data required time
                                            -19.273281   data arrival time
---------------------------------------------------------------------------------------------
                                              1.370395   slack (MET)




===========================================================================
report_checks --slack_max -0.01
============================================================================
======================= nom_ss_100C_1v60 Corner ===================================

No paths found.


===========================================================================
 report_check_types -max_slew -max_cap -max_fanout -violators
============================================================================
======================= nom_ss_100C_1v60 Corner ===================================

max fanout

Pin                                   Limit Fanout  Slack
---------------------------------------------------------
_9221_/Q                                 16     17        (VIOLATED)



===========================================================================
report_parasitic_annotation -report_unannotated
============================================================================
Found 32 unannotated drivers.
 clkload0/Y
 clkload1/Y
 clkload10/X
 clkload11/X
 clkload12/Y
 clkload13/Y
 clkload14/X
 clkload15/Y
 clkload16/X
 clkload17/X
 clkload18/Y
 clkload19/X
 clkload2/Y
 clkload20/Y
 clkload21/X
 clkload22/X
 clkload23/Y
 clkload24/Y
 clkload25/Y
 clkload26/Y
 clkload27/X
 clkload28/X
 clkload29/X
 clkload3/Y
 clkload30/Y
 clkload31/Y
 clkload4/X
 clkload5/X
 clkload6/X
 clkload7/Y
 clkload8/Y
 clkload9/Y
Found 0 partially unannotated drivers.

===========================================================================
max slew violation count 0
max fanout violation count 1
max cap violation count 0
============================================================================

===========================================================================
check_setup -verbose -unconstrained_endpoints -multiple_clock -no_clock -no_input_delay -loops -generated_clocks
===========================================================================
Warning: There is 1 input port missing set_input_delay.
  rst_n
