Clock: clk
Sources: clk 
Generated: no
Virtual: yes
Propagated: no
Period: 20.000000

===========================================================================
report_clock_properties
============================================================================
Clock                   Period          Waveform
----------------------------------------------------
clk                  20.000000    0.000000 10.000000

===========================================================================
report_clock_latency
============================================================================
Clock clk
rise -> rise
    min     max
0.000000 0.000000 source latency
1.002290         network latency _9040_/CLK
        1.160040 network latency _9210_/CLK
---------------
1.002290 1.160040 latency
        0.157750 skew

fall -> fall
    min     max
0.000000 0.000000 source latency
0.998718         network latency _9040_/CLK
        1.128318 network latency _9210_/CLK
---------------
0.998718 1.128318 latency
        0.129599 skew



===========================================================================
report_clock_min_period
============================================================================
clk period_min = 18.14 fmax = 55.13
