
===========================================================================
 report_power
============================================================================
======================= nom_tt_025C_1v80 Corner ===================================

Group                    Internal    Switching      Leakage        Total
                            Power        Power        Power        Power (Watts)
------------------------------------------------------------------------
Sequential           1.204894e-03 1.461589e-04 3.907350e-09 1.351057e-03   3.5%
Combinational        2.146748e-02 1.565340e-02 1.400585e-08 3.712090e-02  96.5%
Clock                0.000000e+00 0.000000e+00 0.000000e+00 0.000000e+00   0.0%
Macro                0.000000e+00 0.000000e+00 0.000000e+00 0.000000e+00   0.0%
Pad                  0.000000e+00 0.000000e+00 0.000000e+00 0.000000e+00   0.0%
------------------------------------------------------------------------
Total                2.267239e-02 1.579951e-02 1.791327e-08 3.847192e-02 100.0%
                            58.9%        41.1%         0.0%

