
===========================================================================
 report_power
============================================================================
======================= min_ff_n40C_1v95 Corner ===================================

Group                    Internal    Switching      Leakage        Total
                            Power        Power        Power        Power (Watts)
------------------------------------------------------------------------
Sequential           1.324974e-03 2.974060e-04 7.034480e-09 1.622387e-03   3.0%
Combinational        2.699620e-02 2.536884e-02 7.609871e-08 5.236512e-02  95.8%
Clock                3.257320e-04 3.626679e-04 5.775300e-08 6.884576e-04   1.3%
Macro                0.000000e+00 0.000000e+00 0.000000e+00 0.000000e+00   0.0%
Pad                  0.000000e+00 0.000000e+00 0.000000e+00 0.000000e+00   0.0%
------------------------------------------------------------------------
Total                2.864688e-02 2.602891e-02 1.408863e-07 5.467593e-02 100.0%
                            52.4%        47.6%         0.0%

