┏━━━━━━━━━━━━━━━━━━━━━━┳━━━━━━━━━━┳━━━━━━━━━━┳━━━━━━━━━━┳━━━━━━━━━━┳━━━━━━━━━━━┳━━━━━━━━━━┳━━━━━━━━━━━┳━━━━━━━━━━┳━━━━━━━━━━━┳━━━━━━━━━━┳━━━━━━━━━━━┳━━━━━━━━━━┓
┃                      ┃ Hold     ┃ Reg to   ┃          ┃          ┃ of which  ┃ Setup    ┃           ┃          ┃           ┃ of which ┃           ┃          ┃
┃                      ┃ Worst    ┃ Reg      ┃          ┃ Hold Vio ┃ reg to    ┃ Worst    ┃ Reg to    ┃ Setup    ┃ Setup Vio ┃ reg to   ┃ Max Cap   ┃ Max Slew ┃
┃ Corner/Group         ┃ Slack    ┃ Paths    ┃ Hold TNS ┃ Count    ┃ reg       ┃ Slack    ┃ Reg Paths ┃ TNS      ┃ Count     ┃ reg      ┃ Violatio… ┃ Violati… ┃
┡━━━━━━━━━━━━━━━━━━━━━━╇━━━━━━━━━━╇━━━━━━━━━━╇━━━━━━━━━━╇━━━━━━━━━━╇━━━━━━━━━━━╇━━━━━━━━━━╇━━━━━━━━━━━╇━━━━━━━━━━╇━━━━━━━━━━━╇━━━━━━━━━━╇━━━━━━━━━━━╇━━━━━━━━━━┩
│ Overall              │ 0.0309   │ 0.0309   │ 0.0000   │ 0        │ 0         │ -0.9380  │ -0.9380   │ -4.6691  │ 9         │ 9        │ 8         │ 1658     │
│ nom_tt_025C_1v80     │ 0.1849   │ 0.1849   │ 0.0000   │ 0        │ 0         │ 9.7984   │ 9.8787    │ 0.0000   │ 0         │ 0        │ 3         │ 1188     │
│ nom_ss_100C_1v60     │ 0.6052   │ 0.6052   │ 0.0000   │ 0        │ 0         │ -0.9380  │ -0.9380   │ -4.6691  │ 9         │ 9        │ 8         │ 1658     │
│ nom_ff_n40C_1v95     │ 0.0309   │ 0.0309   │ 0.0000   │ 0        │ 0         │ 11.9660  │ 18.5434   │ 0.0000   │ 0         │ 0        │ 3         │ 777      │
└──────────────────────┴──────────┴──────────┴──────────┴──────────┴───────────┴──────────┴───────────┴──────────┴───────────┴──────────┴───────────┴──────────┘
