
===========================================================================
 report_power
============================================================================
======================= min_tt_025C_1v80 Corner ===================================

Group                    Internal    Switching      Leakage        Total
                            Power        Power        Power        Power (Watts)
------------------------------------------------------------------------
Sequential           1.147105e-03 2.502920e-04 3.892116e-09 1.397401e-03   2.9%
Combinational        2.421054e-02 2.150461e-02 2.383838e-08 4.571517e-02  95.8%
Clock                2.853641e-04 3.042453e-04 4.786118e-08 5.896573e-04   1.2%
Macro                0.000000e+00 0.000000e+00 0.000000e+00 0.000000e+00   0.0%
Pad                  0.000000e+00 0.000000e+00 0.000000e+00 0.000000e+00   0.0%
------------------------------------------------------------------------
Total                2.564302e-02 2.205915e-02 7.559014e-08 4.770224e-02 100.0%
                            53.8%        46.2%         0.0%

