
===========================================================================
 report_power
============================================================================
======================= nom_ss_100C_1v60 Corner ===================================

Group                    Internal    Switching      Leakage        Total
                            Power        Power        Power        Power (Watts)
------------------------------------------------------------------------
Sequential           9.254948e-04 1.136761e-04 6.359252e-06 1.045530e-03   3.4%
Combinational        1.759196e-02 1.224357e-02 1.832974e-05 2.985386e-02  96.6%
Clock                0.000000e+00 0.000000e+00 0.000000e+00 0.000000e+00   0.0%
Macro                0.000000e+00 0.000000e+00 0.000000e+00 0.000000e+00   0.0%
Pad                  0.000000e+00 0.000000e+00 0.000000e+00 0.000000e+00   0.0%
------------------------------------------------------------------------
Total                1.851745e-02 1.235725e-02 2.468904e-05 3.089938e-02 100.0%
                            59.9%        40.0%         0.1%

