┏━━━━━━━━━━━━━━━━━━━━━━┳━━━━━━━━━━┳━━━━━━━━━━┳━━━━━━━━━━┳━━━━━━━━━━┳━━━━━━━━━━━┳━━━━━━━━━━┳━━━━━━━━━━━┳━━━━━━━━━━┳━━━━━━━━━━━┳━━━━━━━━━━┳━━━━━━━━━━━┳━━━━━━━━━━┓
┃                      ┃ Hold     ┃ Reg to   ┃          ┃          ┃ of which  ┃ Setup    ┃           ┃          ┃           ┃ of which ┃           ┃          ┃
┃                      ┃ Worst    ┃ Reg      ┃          ┃ Hold Vio ┃ reg to    ┃ Worst    ┃ Reg to    ┃ Setup    ┃ Setup Vio ┃ reg to   ┃ Max Cap   ┃ Max Slew ┃
┃ Corner/Group         ┃ Slack    ┃ Paths    ┃ Hold TNS ┃ Count    ┃ reg       ┃ Slack    ┃ Reg Paths ┃ TNS      ┃ Count     ┃ reg      ┃ Violatio… ┃ Violati… ┃
┡━━━━━━━━━━━━━━━━━━━━━━╇━━━━━━━━━━╇━━━━━━━━━━╇━━━━━━━━━━╇━━━━━━━━━━╇━━━━━━━━━━━╇━━━━━━━━━━╇━━━━━━━━━━━╇━━━━━━━━━━╇━━━━━━━━━━━╇━━━━━━━━━━╇━━━━━━━━━━━╇━━━━━━━━━━┩
│ Overall              │ 0.0309   │ 0.0309   │ 0.0000   │ 0        │ 0         │ -4.5107  │ -4.5107   │ -112.28… │ 33        │ 33       │ 44        │ 3946     │
│ nom_tt_025C_1v80     │ 0.1849   │ 0.1849   │ 0.0000   │ 0        │ 0         │ 7.4844   │ 7.4844    │ 0.0000   │ 0         │ 0        │ 22        │ 2836     │
│ nom_ss_100C_1v60     │ 0.6052   │ 0.6052   │ 0.0000   │ 0        │ 0         │ -4.5107  │ -4.5107   │ -112.28… │ 33        │ 33       │ 44        │ 3946     │
│ nom_ff_n40C_1v95     │ 0.0309   │ 0.0309   │ 0.0000   │ 0        │ 0         │ 11.9660  │ 12.1854   │ 0.0000   │ 0         │ 0        │ 15        │ 2343     │
└──────────────────────┴──────────┴──────────┴──────────┴──────────┴───────────┴──────────┴───────────┴──────────┴───────────┴──────────┴───────────┴──────────┘
