
===========================================================================
 report_power
============================================================================
======================= nom_ss_100C_1v60 Corner ===================================

Group                    Internal    Switching      Leakage        Total
                            Power        Power        Power        Power (Watts)
------------------------------------------------------------------------
Sequential           1.365376e-03 3.356970e-04 6.371204e-06 1.707444e-03   4.0%
Combinational        2.477971e-02 1.654608e-02 2.441119e-05 4.135020e-02  96.0%
Clock                0.000000e+00 0.000000e+00 0.000000e+00 0.000000e+00   0.0%
Macro                0.000000e+00 0.000000e+00 0.000000e+00 0.000000e+00   0.0%
Pad                  0.000000e+00 0.000000e+00 0.000000e+00 0.000000e+00   0.0%
------------------------------------------------------------------------
Total                2.614505e-02 1.688176e-02 3.078244e-05 4.305759e-02 100.0%
                            60.7%        39.2%         0.1%

