
===========================================================================
 report_power
============================================================================
======================= nom_ss_100C_1v60 Corner ===================================

Group                    Internal    Switching      Leakage        Total
                            Power        Power        Power        Power (Watts)
------------------------------------------------------------------------
Sequential           7.575175e-04 2.182050e-04 6.341160e-06 9.820636e-04   3.9%
Combinational        1.231327e-02 1.170276e-02 2.314848e-05 2.403918e-02  96.1%
Clock                0.000000e+00 0.000000e+00 0.000000e+00 0.000000e+00   0.0%
Macro                0.000000e+00 0.000000e+00 0.000000e+00 0.000000e+00   0.0%
Pad                  0.000000e+00 0.000000e+00 0.000000e+00 0.000000e+00   0.0%
------------------------------------------------------------------------
Total                1.307076e-02 1.192097e-02 2.948971e-05 2.502121e-02 100.0%
                            52.2%        47.6%         0.1%

