
===========================================================================
 report_power
============================================================================
======================= nom_ss_100C_1v60 Corner ===================================

Group                    Internal    Switching      Leakage        Total
                            Power        Power        Power        Power (Watts)
------------------------------------------------------------------------
Sequential           7.633512e-04 2.238718e-04 6.345363e-06 9.935683e-04   4.0%
Combinational        1.203047e-02 1.170065e-02 2.279890e-05 2.375391e-02  96.0%
Clock                0.000000e+00 0.000000e+00 0.000000e+00 0.000000e+00   0.0%
Macro                0.000000e+00 0.000000e+00 0.000000e+00 0.000000e+00   0.0%
Pad                  0.000000e+00 0.000000e+00 0.000000e+00 0.000000e+00   0.0%
------------------------------------------------------------------------
Total                1.279379e-02 1.192452e-02 2.914433e-05 2.474745e-02 100.0%
                            51.7%        48.2%         0.1%

