
15. Executing PROC_DLATCH pass (convert process syncs to latches).
No latch inferred for signal `\fir_filter.$memwr$\coeffs$/mnt/d/Learing_Python/GP/Submission_inshallah/output/fir_filter.sv:26$4_EN' from process `\fir_filter.$proc$/mnt/d/Learing_Python/GP/Submission_inshallah/output/fir_filter.sv:25$80'.
No latch inferred for signal `\fir_filter.$memwr$\coeffs$/mnt/d/Learing_Python/GP/Submission_inshallah/output/fir_filter.sv:27$5_EN' from process `\fir_filter.$proc$/mnt/d/Learing_Python/GP/Submission_inshallah/output/fir_filter.sv:25$80'.
No latch inferred for signal `\fir_filter.$memwr$\coeffs$/mnt/d/Learing_Python/GP/Submission_inshallah/output/fir_filter.sv:28$6_EN' from process `\fir_filter.$proc$/mnt/d/Learing_Python/GP/Submission_inshallah/output/fir_filter.sv:25$80'.
No latch inferred for signal `\fir_filter.$memwr$\coeffs$/mnt/d/Learing_Python/GP/Submission_inshallah/output/fir_filter.sv:29$7_EN' from process `\fir_filter.$proc$/mnt/d/Learing_Python/GP/Submission_inshallah/output/fir_filter.sv:25$80'.
No latch inferred for signal `\fir_filter.$memwr$\coeffs$/mnt/d/Learing_Python/GP/Submission_inshallah/output/fir_filter.sv:30$8_EN' from process `\fir_filter.$proc$/mnt/d/Learing_Python/GP/Submission_inshallah/output/fir_filter.sv:25$80'.
No latch inferred for signal `\fir_filter.$memwr$\coeffs$/mnt/d/Learing_Python/GP/Submission_inshallah/output/fir_filter.sv:31$9_EN' from process `\fir_filter.$proc$/mnt/d/Learing_Python/GP/Submission_inshallah/output/fir_filter.sv:25$80'.
No latch inferred for signal `\fir_filter.$memwr$\coeffs$/mnt/d/Learing_Python/GP/Submission_inshallah/output/fir_filter.sv:32$10_EN' from process `\fir_filter.$proc$/mnt/d/Learing_Python/GP/Submission_inshallah/output/fir_filter.sv:25$80'.
No latch inferred for signal `\fir_filter.$memwr$\coeffs$/mnt/d/Learing_Python/GP/Submission_inshallah/output/fir_filter.sv:33$11_EN' from process `\fir_filter.$proc$/mnt/d/Learing_Python/GP/Submission_inshallah/output/fir_filter.sv:25$80'.
No latch inferred for signal `\fir_filter.$memwr$\coeffs$/mnt/d/Learing_Python/GP/Submission_inshallah/output/fir_filter.sv:34$12_EN' from process `\fir_filter.$proc$/mnt/d/Learing_Python/GP/Submission_inshallah/output/fir_filter.sv:25$80'.
No latch inferred for signal `\fir_filter.$memwr$\coeffs$/mnt/d/Learing_Python/GP/Submission_inshallah/output/fir_filter.sv:35$13_EN' from process `\fir_filter.$proc$/mnt/d/Learing_Python/GP/Submission_inshallah/output/fir_filter.sv:25$80'.
No latch inferred for signal `\fir_filter.$memwr$\coeffs$/mnt/d/Learing_Python/GP/Submission_inshallah/output/fir_filter.sv:36$14_EN' from process `\fir_filter.$proc$/mnt/d/Learing_Python/GP/Submission_inshallah/output/fir_filter.sv:25$80'.
No latch inferred for signal `\fir_filter.$memwr$\coeffs$/mnt/d/Learing_Python/GP/Submission_inshallah/output/fir_filter.sv:37$15_EN' from process `\fir_filter.$proc$/mnt/d/Learing_Python/GP/Submission_inshallah/output/fir_filter.sv:25$80'.
No latch inferred for signal `\fir_filter.$memwr$\coeffs$/mnt/d/Learing_Python/GP/Submission_inshallah/output/fir_filter.sv:38$16_EN' from process `\fir_filter.$proc$/mnt/d/Learing_Python/GP/Submission_inshallah/output/fir_filter.sv:25$80'.
No latch inferred for signal `\fir_filter.$memwr$\coeffs$/mnt/d/Learing_Python/GP/Submission_inshallah/output/fir_filter.sv:39$17_EN' from process `\fir_filter.$proc$/mnt/d/Learing_Python/GP/Submission_inshallah/output/fir_filter.sv:25$80'.
No latch inferred for signal `\fir_filter.$memwr$\coeffs$/mnt/d/Learing_Python/GP/Submission_inshallah/output/fir_filter.sv:40$18_EN' from process `\fir_filter.$proc$/mnt/d/Learing_Python/GP/Submission_inshallah/output/fir_filter.sv:25$80'.
No latch inferred for signal `\fir_filter.$memwr$\coeffs$/mnt/d/Learing_Python/GP/Submission_inshallah/output/fir_filter.sv:41$19_EN' from process `\fir_filter.$proc$/mnt/d/Learing_Python/GP/Submission_inshallah/output/fir_filter.sv:25$80'.
No latch inferred for signal `\fir_filter.$memwr$\coeffs$/mnt/d/Learing_Python/GP/Submission_inshallah/output/fir_filter.sv:42$20_EN' from process `\fir_filter.$proc$/mnt/d/Learing_Python/GP/Submission_inshallah/output/fir_filter.sv:25$80'.
No latch inferred for signal `\fir_filter.\result_temp' from process `\fir_filter.$proc$/mnt/d/Learing_Python/GP/Submission_inshallah/output/fir_filter.sv:113$58'.
