                                                                       Cells by Function                                                                        
┏━━━━━━━━━━━━━━━━━━━━━━━━━━━━━━━━━━━━━━━━━━━━━━━━━━━━━━━━━━━━━━━━━━━━━━━━━━━━━━━━━━━━━━━━━━━━━━━━━━━━━━━━━━━━━━━━━━━━━━━━━━━━━━━━━┳━━━━━━━━━━━━━━━━━━━━━━━━━━━━┓
┃ Cell Function                                                                                                                   ┃ Count                      ┃
┡━━━━━━━━━━━━━━━━━━━━━━━━━━━━━━━━━━━━━━━━━━━━━━━━━━━━━━━━━━━━━━━━━━━━━━━━━━━━━━━━━━━━━━━━━━━━━━━━━━━━━━━━━━━━━━━━━━━━━━━━━━━━━━━━━╇━━━━━━━━━━━━━━━━━━━━━━━━━━━━┩
│ sky130_fd_sc_hd__a2111o                                                                                                         │ 17                         │
│ sky130_fd_sc_hd__a2111oi                                                                                                        │ 7                          │
│ sky130_fd_sc_hd__a211o                                                                                                          │ 83                         │
│ sky130_fd_sc_hd__a211oi                                                                                                         │ 22                         │
│ sky130_fd_sc_hd__a21bo                                                                                                          │ 41                         │
│ sky130_fd_sc_hd__a21boi                                                                                                         │ 13                         │
│ sky130_fd_sc_hd__a21o                                                                                                           │ 270                        │
│ sky130_fd_sc_hd__a21oi                                                                                                          │ 195                        │
│ sky130_fd_sc_hd__a221o                                                                                                          │ 35                         │
│ sky130_fd_sc_hd__a221oi                                                                                                         │ 7                          │
│ sky130_fd_sc_hd__a22o                                                                                                           │ 88                         │
│ sky130_fd_sc_hd__a22oi                                                                                                          │ 6                          │
│ sky130_fd_sc_hd__a2bb2o                                                                                                         │ 30                         │
│ sky130_fd_sc_hd__a311o                                                                                                          │ 13                         │
│ sky130_fd_sc_hd__a311oi                                                                                                         │ 1                          │
│ sky130_fd_sc_hd__a31o                                                                                                           │ 68                         │
│ sky130_fd_sc_hd__a31oi                                                                                                          │ 12                         │
│ sky130_fd_sc_hd__a32o                                                                                                           │ 43                         │
│ sky130_fd_sc_hd__a32oi                                                                                                          │ 1                          │
│ sky130_fd_sc_hd__a41o                                                                                                           │ 5                          │
│ sky130_fd_sc_hd__a41oi                                                                                                          │ 1                          │
│ sky130_fd_sc_hd__and2                                                                                                           │ 104                        │
│ sky130_fd_sc_hd__and2b                                                                                                          │ 31                         │
│ sky130_fd_sc_hd__and3                                                                                                           │ 146                        │
│ sky130_fd_sc_hd__and3b                                                                                                          │ 22                         │
│ sky130_fd_sc_hd__and4                                                                                                           │ 17                         │
│ sky130_fd_sc_hd__and4b                                                                                                          │ 2                          │
│ sky130_fd_sc_hd__and4bb                                                                                                         │ 4                          │
│ sky130_fd_sc_hd__buf                                                                                                            │ 805                        │
│ sky130_fd_sc_hd__bufinv                                                                                                         │ 1                          │
│ sky130_fd_sc_hd__clkbuf                                                                                                         │ 297                        │
│ sky130_fd_sc_hd__clkdlybuf4s25                                                                                                  │ 54                         │
│ sky130_fd_sc_hd__clkinv                                                                                                         │ 8                          │
│ sky130_fd_sc_hd__clkinvlp                                                                                                       │ 1                          │
│ sky130_fd_sc_hd__decap                                                                                                          │ 14615                      │
│ sky130_fd_sc_hd__dfrtp                                                                                                          │ 332                        │
│ sky130_fd_sc_hd__diode                                                                                                          │ 7                          │
│ sky130_fd_sc_hd__dlygate4sd1                                                                                                    │ 2                          │
│ sky130_fd_sc_hd__dlygate4sd3                                                                                                    │ 505                        │
│ sky130_fd_sc_hd__dlymetal6s2s                                                                                                   │ 3                          │
│ sky130_fd_sc_hd__dlymetal6s4s                                                                                                   │ 4                          │
│ sky130_fd_sc_hd__fill                                                                                                           │ 3500                       │
│ sky130_fd_sc_hd__inv                                                                                                            │ 105                        │
│ sky130_fd_sc_hd__mux2                                                                                                           │ 451                        │
│ sky130_fd_sc_hd__nand2                                                                                                          │ 311                        │
│ sky130_fd_sc_hd__nand2b                                                                                                         │ 4                          │
│ sky130_fd_sc_hd__nand3                                                                                                          │ 44                         │
│ sky130_fd_sc_hd__nand3b                                                                                                         │ 7                          │
│ sky130_fd_sc_hd__nand4                                                                                                          │ 8                          │
│ sky130_fd_sc_hd__nor2                                                                                                           │ 263                        │
│ sky130_fd_sc_hd__nor2b                                                                                                          │ 7                          │
│ sky130_fd_sc_hd__nor3                                                                                                           │ 10                         │
│ sky130_fd_sc_hd__nor3b                                                                                                          │ 6                          │
│ sky130_fd_sc_hd__nor4                                                                                                           │ 12                         │
│ sky130_fd_sc_hd__nor4b                                                                                                          │ 3                          │
│ sky130_fd_sc_hd__o2111a                                                                                                         │ 4                          │
│ sky130_fd_sc_hd__o2111ai                                                                                                        │ 1                          │
│ sky130_fd_sc_hd__o211a                                                                                                          │ 76                         │
│ sky130_fd_sc_hd__o211ai                                                                                                         │ 18                         │
│ sky130_fd_sc_hd__o21a                                                                                                           │ 139                        │
│ sky130_fd_sc_hd__o21ai                                                                                                          │ 119                        │
│ sky130_fd_sc_hd__o21ba                                                                                                          │ 32                         │
│ sky130_fd_sc_hd__o21bai                                                                                                         │ 7                          │
│ sky130_fd_sc_hd__o221a                                                                                                          │ 27                         │
│ sky130_fd_sc_hd__o221ai                                                                                                         │ 5                          │
│ sky130_fd_sc_hd__o22a                                                                                                           │ 41                         │
│ sky130_fd_sc_hd__o22ai                                                                                                          │ 3                          │
│ sky130_fd_sc_hd__o2bb2a                                                                                                         │ 16                         │
│ sky130_fd_sc_hd__o2bb2ai                                                                                                        │ 1                          │
│ sky130_fd_sc_hd__o311a                                                                                                          │ 9                          │
│ sky130_fd_sc_hd__o31a                                                                                                           │ 21                         │
│ sky130_fd_sc_hd__o31ai                                                                                                          │ 6                          │
│ sky130_fd_sc_hd__o32a                                                                                                           │ 19                         │
│ sky130_fd_sc_hd__o32ai                                                                                                          │ 2                          │
│ sky130_fd_sc_hd__o41a                                                                                                           │ 1                          │
│ sky130_fd_sc_hd__or2                                                                                                            │ 133                        │
│ sky130_fd_sc_hd__or2b                                                                                                           │ 25                         │
│ sky130_fd_sc_hd__or3                                                                                                            │ 54                         │
│ sky130_fd_sc_hd__or3b                                                                                                           │ 25                         │
│ sky130_fd_sc_hd__or4                                                                                                            │ 17                         │
│ sky130_fd_sc_hd__or4b                                                                                                           │ 3                          │
│ sky130_fd_sc_hd__or4bb                                                                                                          │ 2                          │
│ sky130_fd_sc_hd__tapvpwrvgnd                                                                                                    │ 1795                       │
│ sky130_fd_sc_hd__xnor2                                                                                                          │ 585                        │
│ sky130_fd_sc_hd__xor2                                                                                                           │ 111                        │
└─────────────────────────────────────────────────────────────────────────────────────────────────────────────────────────────────┴────────────────────────────┘
