
===========================================================================
 report_power
============================================================================
======================= nom_tt_025C_1v80 Corner ===================================

Group                    Internal    Switching      Leakage        Total
                            Power        Power        Power        Power (Watts)
------------------------------------------------------------------------
Sequential           9.873933e-04 2.778562e-04 3.936657e-09 1.265253e-03   4.0%
Combinational        1.516830e-02 1.485818e-02 1.960846e-08 3.002650e-02  96.0%
Clock                0.000000e+00 0.000000e+00 0.000000e+00 0.000000e+00   0.0%
Macro                0.000000e+00 0.000000e+00 0.000000e+00 0.000000e+00   0.0%
Pad                  0.000000e+00 0.000000e+00 0.000000e+00 0.000000e+00   0.0%
------------------------------------------------------------------------
Total                1.615566e-02 1.513604e-02 2.354512e-08 3.129173e-02 100.0%
                            51.6%        48.4%         0.0%

