
===========================================================================
 report_power
============================================================================
======================= nom_ss_100C_1v60 Corner ===================================

Group                    Internal    Switching      Leakage        Total
                            Power        Power        Power        Power (Watts)
------------------------------------------------------------------------
Sequential           8.932148e-04 2.052984e-04 6.371204e-06 1.104884e-03   3.9%
Combinational        1.623380e-02 1.083559e-02 2.441119e-05 2.709381e-02  96.1%
Clock                0.000000e+00 0.000000e+00 0.000000e+00 0.000000e+00   0.0%
Macro                0.000000e+00 0.000000e+00 0.000000e+00 0.000000e+00   0.0%
Pad                  0.000000e+00 0.000000e+00 0.000000e+00 0.000000e+00   0.0%
------------------------------------------------------------------------
Total                1.712704e-02 1.104089e-02 3.078244e-05 2.819871e-02 100.0%
                            60.7%        39.2%         0.1%

