
===========================================================================
report_checks -unconstrained
===========================================================================
======================= nom_ff_n40C_1v95 Corner ===================================

Startpoint: sample_in[5] (input port clocked by clk)
Endpoint: _9220_ (rising edge-triggered flip-flop clocked by clk)
Path Group: clk
Path Type: max

Fanout         Cap        Slew       Delay        Time   Description
---------------------------------------------------------------------------------------------
                                  0.000000    0.000000   clock clk (rise edge)
                                  0.000000    0.000000   clock network delay (propagated)
                                  4.000000    4.000000 ^ input external delay
     1    0.003809    0.000000    0.000000    4.000000 ^ sample_in[5] (in)
                                                         sample_in[5] (net)
                      0.000125    0.000064    4.000064 ^ input13/A (sky130_fd_sc_hd__clkbuf_4)
     2    0.041830    0.101096    0.128079    4.128143 ^ input13/X (sky130_fd_sc_hd__clkbuf_4)
                                                         net13 (net)
                      0.101383    0.004468    4.132610 ^ hold755/A (sky130_fd_sc_hd__dlygate4sd3_1)
     3    0.040220    0.304307    0.587390    4.720001 ^ hold755/X (sky130_fd_sc_hd__dlygate4sd3_1)
                                                         net755 (net)
                      0.304311    0.001657    4.721658 ^ fanout346/A (sky130_fd_sc_hd__dlygate4sd1_1)
     2    0.008291    0.067389    0.169145    4.890803 ^ fanout346/X (sky130_fd_sc_hd__dlygate4sd1_1)
                                                         net346 (net)
                      0.067389    0.000230    4.891033 ^ wire347/A (sky130_fd_sc_hd__clkbuf_4)
     7    0.055620    0.130738    0.169467    5.060499 ^ wire347/X (sky130_fd_sc_hd__clkbuf_4)
                                                         net347 (net)
                      0.130882    0.003654    5.064153 ^ fanout344/A (sky130_fd_sc_hd__buf_2)
     9    0.047346    0.174597    0.195777    5.259930 ^ fanout344/X (sky130_fd_sc_hd__buf_2)
                                                         net344 (net)
                      0.174619    0.001644    5.261573 ^ load_slew345/A (sky130_fd_sc_hd__buf_4)
     8    0.046379    0.101052    0.150389    5.411963 ^ load_slew345/X (sky130_fd_sc_hd__buf_4)
                                                         net345 (net)
                      0.101072    0.001193    5.413157 ^ _5316_/B (sky130_fd_sc_hd__and2_2)
     3    0.019178    0.080923    0.142724    5.555880 ^ _5316_/X (sky130_fd_sc_hd__and2_2)
                                                         _0774_ (net)
                      0.080925    0.000564    5.556444 ^ _6417_/B1 (sky130_fd_sc_hd__a21oi_4)
     4    0.020070    0.088982    0.033290    5.589733 v _6417_/Y (sky130_fd_sc_hd__a21oi_4)
                                                         _1868_ (net)
                      0.088986    0.000748    5.590482 v _6418_/B (sky130_fd_sc_hd__xnor2_2)
     3    0.019543    0.212974    0.202408    5.792890 ^ _6418_/Y (sky130_fd_sc_hd__xnor2_2)
                                                         _1869_ (net)
                      0.212976    0.000554    5.793444 ^ _6478_/S (sky130_fd_sc_hd__mux2_2)
     1    0.002736    0.032985    0.210407    6.003851 v _6478_/X (sky130_fd_sc_hd__mux2_2)
                                                         _1928_ (net)
                      0.032985    0.000083    6.003934 v _6479_/B1 (sky130_fd_sc_hd__a2bb2o_2)
     2    0.023104    0.064837    0.202965    6.206899 v _6479_/X (sky130_fd_sc_hd__a2bb2o_2)
                                                         _1929_ (net)
                      0.064874    0.001448    6.208347 v _6493_/B (sky130_fd_sc_hd__xnor2_4)
     2    0.018448    0.068552    0.111007    6.319355 v _6493_/Y (sky130_fd_sc_hd__xnor2_4)
                                                         _1943_ (net)
                      0.068552    0.000344    6.319698 v _6494_/B (sky130_fd_sc_hd__xnor2_4)
     1    0.016319    0.054375    0.109735    6.429433 v _6494_/Y (sky130_fd_sc_hd__xnor2_4)
                                                         _1944_ (net)
                      0.054377    0.000502    6.429935 v _6495_/A (sky130_fd_sc_hd__xnor2_4)
     3    0.024749    0.177250    0.186422    6.616357 ^ _6495_/Y (sky130_fd_sc_hd__xnor2_4)
                                                         _1945_ (net)
                      0.177250    0.000635    6.616992 ^ _6506_/B (sky130_fd_sc_hd__xnor2_4)
     4    0.011792    0.052278    0.052363    6.669355 v _6506_/Y (sky130_fd_sc_hd__xnor2_4)
                                                         _1956_ (net)
                      0.052278    0.000051    6.669406 v rebuffer657/A (sky130_fd_sc_hd__buf_2)
     2    0.012085    0.031457    0.098817    6.768224 v rebuffer657/X (sky130_fd_sc_hd__buf_2)
                                                         net657 (net)
                      0.031464    0.000470    6.768694 v _6783_/A2 (sky130_fd_sc_hd__o21ai_4)
     2    0.013792    0.113229    0.110428    6.879122 ^ _6783_/Y (sky130_fd_sc_hd__o21ai_4)
                                                         _2232_ (net)
                      0.113229    0.000270    6.879392 ^ _6785_/A (sky130_fd_sc_hd__or2b_4)
     1    0.009574    0.032761    0.097439    6.976832 ^ _6785_/X (sky130_fd_sc_hd__or2b_4)
                                                         _2234_ (net)
                      0.032765    0.000317    6.977149 ^ _6787_/B1 (sky130_fd_sc_hd__a221oi_4)
     2    0.011487    0.051801    0.038737    7.015885 v _6787_/Y (sky130_fd_sc_hd__a221oi_4)
                                                         _2236_ (net)
                      0.051802    0.000236    7.016121 v max_cap56/A (sky130_fd_sc_hd__clkbuf_2)
     2    0.008846    0.030691    0.088467    7.104588 v max_cap56/X (sky130_fd_sc_hd__clkbuf_2)
                                                         net56 (net)
                      0.030694    0.000348    7.104937 v _7150_/A (sky130_fd_sc_hd__or2_2)
     1    0.003439    0.037595    0.173546    7.278482 v _7150_/X (sky130_fd_sc_hd__or2_2)
                                                         _2597_ (net)
                      0.037595    0.000105    7.278587 v _7151_/B2 (sky130_fd_sc_hd__a22o_2)
     1    0.006053    0.030529    0.115101    7.393688 v _7151_/X (sky130_fd_sc_hd__a22o_2)
                                                         _2598_ (net)
                      0.030529    0.000214    7.393903 v _7152_/C1 (sky130_fd_sc_hd__o221a_4)
     3    0.016223    0.044231    0.082495    7.476398 v _7152_/X (sky130_fd_sc_hd__o221a_4)
                                                         _2599_ (net)
                      0.044251    0.000905    7.477303 v _7510_/A (sky130_fd_sc_hd__or2_4)
     1    0.005971    0.034569    0.160313    7.637615 v _7510_/X (sky130_fd_sc_hd__or2_4)
                                                         _2955_ (net)
                      0.034569    0.000150    7.637765 v _7511_/B2 (sky130_fd_sc_hd__a22o_4)
     1    0.008783    0.027699    0.112001    7.749766 v _7511_/X (sky130_fd_sc_hd__a22o_4)
                                                         _2956_ (net)
                      0.027699    0.000269    7.750035 v _7512_/C1 (sky130_fd_sc_hd__o221ai_4)
     2    0.009562    0.128806    0.044086    7.794121 ^ _7512_/Y (sky130_fd_sc_hd__o221ai_4)
                                                         _2957_ (net)
                      0.128806    0.000330    7.794451 ^ _7652_/A2 (sky130_fd_sc_hd__a21oi_2)
     2    0.007753    0.041871    0.051245    7.845696 v _7652_/Y (sky130_fd_sc_hd__a21oi_2)
                                                         _3096_ (net)
                      0.041872    0.000243    7.845939 v max_cap42/A (sky130_fd_sc_hd__buf_6)
     4    0.023912    0.026837    0.091344    7.937283 v max_cap42/X (sky130_fd_sc_hd__buf_6)
                                                         net42 (net)
                      0.026923    0.001376    7.938659 v rebuffer679/A (sky130_fd_sc_hd__buf_4)
     3    0.014577    0.028100    0.094666    8.033325 v rebuffer679/X (sky130_fd_sc_hd__buf_4)
                                                         net679 (net)
                      0.028103    0.000304    8.033629 v _7854_/A1 (sky130_fd_sc_hd__a21o_4)
     1    0.009750    0.029434    0.131068    8.164697 v _7854_/X (sky130_fd_sc_hd__a21o_4)
                                                         _3296_ (net)
                      0.029434    0.000343    8.165040 v _7859_/A1 (sky130_fd_sc_hd__a211oi_4)
     2    0.010040    0.155926    0.161294    8.326334 ^ _7859_/Y (sky130_fd_sc_hd__a211oi_4)
                                                         _3301_ (net)
                      0.155926    0.000466    8.326800 ^ _8207_/B1_N (sky130_fd_sc_hd__o21bai_4)
     1    0.006682    0.080935    0.097980    8.424780 ^ _8207_/Y (sky130_fd_sc_hd__o21bai_4)
                                                         _3647_ (net)
                      0.080935    0.000226    8.425007 ^ _8208_/B2 (sky130_fd_sc_hd__a22o_4)
     1    0.010514    0.036206    0.082251    8.507257 ^ _8208_/X (sky130_fd_sc_hd__a22o_4)
                                                         _3648_ (net)
                      0.036209    0.000353    8.507610 ^ _8209_/B1 (sky130_fd_sc_hd__o21ai_4)
     1    0.056087    0.117992    0.066033    8.573643 v _8209_/Y (sky130_fd_sc_hd__o21ai_4)
                                                         _3649_ (net)
                      0.118452    0.005938    8.579581 v _8210_/A (sky130_fd_sc_hd__nand2_4)
     2    0.016324    0.055860    0.088330    8.667912 ^ _8210_/Y (sky130_fd_sc_hd__nand2_4)
                                                         _3650_ (net)
                      0.055868    0.000672    8.668584 ^ _8211_/A (sky130_fd_sc_hd__buf_8)
     4    0.045447    0.062384    0.094559    8.763143 ^ _8211_/X (sky130_fd_sc_hd__buf_8)
                                                         _3651_ (net)
                      0.062707    0.003658    8.766801 ^ _8212_/B1 (sky130_fd_sc_hd__o21ai_2)
     1    0.008338    0.044117    0.033983    8.800784 v _8212_/Y (sky130_fd_sc_hd__o21ai_2)
                                                         _3652_ (net)
                      0.044119    0.000336    8.801120 v _8213_/A1 (sky130_fd_sc_hd__mux2_2)
     1    0.002603    0.032699    0.144087    8.945208 v _8213_/X (sky130_fd_sc_hd__mux2_2)
                                                         _3653_ (net)
                      0.032699    0.000075    8.945283 v _8214_/A (sky130_fd_sc_hd__buf_1)
     1    0.002770    0.018397    0.058243    9.003526 v _8214_/X (sky130_fd_sc_hd__buf_1)
                                                         _0201_ (net)
                      0.018397    0.000057    9.003583 v _9220_/D (sky130_fd_sc_hd__dfrtp_2)
                                              9.003583   data arrival time

                                 20.000000   20.000000   clock clk (rise edge)
                                  0.000000   20.000000   clock source latency
     1    0.053734    0.150000    0.000000   20.000000 ^ clk (in)
                                                         clk (net)
                      0.157667    0.003757   20.003757 ^ clkbuf_0_clk/A (sky130_fd_sc_hd__clkbuf_16)
     4    0.085518    0.079478    0.147097   20.150854 ^ clkbuf_0_clk/X (sky130_fd_sc_hd__clkbuf_16)
                                                         clknet_0_clk (net)
                      0.079725    0.003453   20.154306 ^ clkbuf_2_3__f_clk/A (sky130_fd_sc_hd__clkbuf_16)
     8    0.113908    0.099550    0.146269   20.300575 ^ clkbuf_2_3__f_clk/X (sky130_fd_sc_hd__clkbuf_16)
                                                         clknet_2_3__leaf_clk (net)
                      0.099659    0.002654   20.303230 ^ clkbuf_leaf_31_clk/A (sky130_fd_sc_hd__clkbuf_8)
     7    0.037784    0.058973    0.120806   20.424036 ^ clkbuf_leaf_31_clk/X (sky130_fd_sc_hd__clkbuf_8)
                                                         clknet_leaf_31_clk (net)
                      0.058977    0.000576   20.424612 ^ _9220_/CLK (sky130_fd_sc_hd__dfrtp_2)
                                 -0.100000   20.324612   clock uncertainty
                                  0.000000   20.324612   clock reconvergence pessimism
                                 -0.066217   20.258394   library setup time
                                             20.258394   data required time
---------------------------------------------------------------------------------------------
                                             20.258394   data required time
                                             -9.003583   data arrival time
---------------------------------------------------------------------------------------------
                                             11.254811   slack (MET)




===========================================================================
report_checks --slack_max -0.01
============================================================================
======================= nom_ff_n40C_1v95 Corner ===================================

No paths found.


===========================================================================
 report_check_types -max_slew -max_cap -max_fanout -violators
============================================================================
======================= nom_ff_n40C_1v95 Corner ===================================

max fanout

Pin                                   Limit Fanout  Slack
---------------------------------------------------------
_9221_/Q                                 16     17        (VIOLATED)



===========================================================================
report_parasitic_annotation -report_unannotated
============================================================================
Found 32 unannotated drivers.
 clkload0/Y
 clkload1/Y
 clkload10/X
 clkload11/X
 clkload12/Y
 clkload13/Y
 clkload14/X
 clkload15/Y
 clkload16/X
 clkload17/X
 clkload18/Y
 clkload19/X
 clkload2/Y
 clkload20/Y
 clkload21/X
 clkload22/X
 clkload23/Y
 clkload24/Y
 clkload25/Y
 clkload26/Y
 clkload27/X
 clkload28/X
 clkload29/X
 clkload3/Y
 clkload30/Y
 clkload31/Y
 clkload4/X
 clkload5/X
 clkload6/X
 clkload7/Y
 clkload8/Y
 clkload9/Y
Found 0 partially unannotated drivers.

===========================================================================
max slew violation count 0
max fanout violation count 1
max cap violation count 0
============================================================================

===========================================================================
check_setup -verbose -unconstrained_endpoints -multiple_clock -no_clock -no_input_delay -loops -generated_clocks
===========================================================================
Warning: There is 1 input port missing set_input_delay.
  rst_n
