
===========================================================================
 report_power
============================================================================
======================= nom_ff_n40C_1v95 Corner ===================================

Group                    Internal    Switching      Leakage        Total
                            Power        Power        Power        Power (Watts)
------------------------------------------------------------------------
Sequential           1.324642e-03 3.110510e-04 7.034480e-09 1.635700e-03   2.9%
Combinational        2.700936e-02 2.613832e-02 7.609871e-08 5.314775e-02  95.8%
Clock                3.259072e-04 3.809203e-04 5.775300e-08 7.068852e-04   1.3%
Macro                0.000000e+00 0.000000e+00 0.000000e+00 0.000000e+00   0.0%
Pad                  0.000000e+00 0.000000e+00 0.000000e+00 0.000000e+00   0.0%
------------------------------------------------------------------------
Total                2.865988e-02 2.683030e-02 1.408863e-07 5.549031e-02 100.0%
                            51.6%        48.4%         0.0%

