┏━━━━━━━━━━━━━━━━━━━━━━┳━━━━━━━━━━┳━━━━━━━━━━┳━━━━━━━━━━┳━━━━━━━━━━┳━━━━━━━━━━━┳━━━━━━━━━━┳━━━━━━━━━━━┳━━━━━━━━━━┳━━━━━━━━━━━┳━━━━━━━━━━┳━━━━━━━━━━━┳━━━━━━━━━━┓
┃                      ┃ Hold     ┃ Reg to   ┃          ┃          ┃ of which  ┃ Setup    ┃           ┃          ┃           ┃ of which ┃           ┃          ┃
┃                      ┃ Worst    ┃ Reg      ┃          ┃ Hold Vio ┃ reg to    ┃ Worst    ┃ Reg to    ┃ Setup    ┃ Setup Vio ┃ reg to   ┃ Max Cap   ┃ Max Slew ┃
┃ Corner/Group         ┃ Slack    ┃ Paths    ┃ Hold TNS ┃ Count    ┃ reg       ┃ Slack    ┃ Reg Paths ┃ TNS      ┃ Count     ┃ reg      ┃ Violatio… ┃ Violati… ┃
┡━━━━━━━━━━━━━━━━━━━━━━╇━━━━━━━━━━╇━━━━━━━━━━╇━━━━━━━━━━╇━━━━━━━━━━╇━━━━━━━━━━━╇━━━━━━━━━━╇━━━━━━━━━━━╇━━━━━━━━━━╇━━━━━━━━━━━╇━━━━━━━━━━╇━━━━━━━━━━━╇━━━━━━━━━━┩
│ Overall              │ 0.0309   │ 0.0309   │ 0.0000   │ 0        │ 0         │ -3.0625  │ -3.0625   │ -20.6352 │ 17        │ 17       │ 10        │ 1205     │
│ nom_tt_025C_1v80     │ 0.1849   │ 0.1849   │ 0.0000   │ 0        │ 0         │ 8.2564   │ 8.2564    │ 0.0000   │ 0         │ 0        │ 6         │ 1022     │
│ nom_ss_100C_1v60     │ 0.6052   │ 0.6052   │ 0.0000   │ 0        │ 0         │ -3.0625  │ -3.0625   │ -20.6352 │ 17        │ 17       │ 10        │ 1205     │
│ nom_ff_n40C_1v95     │ 0.0309   │ 0.0309   │ 0.0000   │ 0        │ 0         │ 11.7515  │ 18.5327   │ 0.0000   │ 0         │ 0        │ 4         │ 932      │
└──────────────────────┴──────────┴──────────┴──────────┴──────────┴───────────┴──────────┴───────────┴──────────┴───────────┴──────────┴───────────┴──────────┘
