
===========================================================================
 report_power
============================================================================
======================= max_ff_n40C_1v95 Corner ===================================

Group                    Internal    Switching      Leakage        Total
                            Power        Power        Power        Power (Watts)
------------------------------------------------------------------------
Sequential           1.324288e-03 3.252729e-04 7.034480e-09 1.649568e-03   2.9%
Combinational        2.702265e-02 2.689149e-02 7.609871e-08 5.391422e-02  95.8%
Clock                3.260166e-04 4.000662e-04 5.775300e-08 7.261406e-04   1.3%
Macro                0.000000e+00 0.000000e+00 0.000000e+00 0.000000e+00   0.0%
Pad                  0.000000e+00 0.000000e+00 0.000000e+00 0.000000e+00   0.0%
------------------------------------------------------------------------
Total                2.867294e-02 2.761683e-02 1.408863e-07 5.628991e-02 100.0%
                            50.9%        49.1%         0.0%

