
===========================================================================
 report_power
============================================================================
======================= nom_tt_025C_1v80 Corner ===================================

Group                    Internal    Switching      Leakage        Total
                            Power        Power        Power        Power (Watts)
------------------------------------------------------------------------
Sequential           1.161368e-03 1.760701e-04 3.903452e-09 1.337442e-03   2.6%
Combinational        2.282258e-02 2.720026e-02 2.160721e-08 5.002287e-02  97.4%
Clock                0.000000e+00 0.000000e+00 0.000000e+00 0.000000e+00   0.0%
Macro                0.000000e+00 0.000000e+00 0.000000e+00 0.000000e+00   0.0%
Pad                  0.000000e+00 0.000000e+00 0.000000e+00 0.000000e+00   0.0%
------------------------------------------------------------------------
Total                2.398393e-02 2.737628e-02 2.551066e-08 5.136024e-02 100.0%
                            46.7%        53.3%         0.0%

