
===========================================================================
 report_power
============================================================================
======================= nom_tt_025C_1v80 Corner ===================================

Group                    Internal    Switching      Leakage        Total
                            Power        Power        Power        Power (Watts)
------------------------------------------------------------------------
Sequential           1.749947e-03 5.479088e-04 3.892116e-09 2.297860e-03   4.0%
Combinational        3.029417e-02 2.537248e-02 1.726554e-08 5.566668e-02  96.0%
Clock                0.000000e+00 0.000000e+00 8.488882e-10 8.488882e-10   0.0%
Macro                0.000000e+00 0.000000e+00 0.000000e+00 0.000000e+00   0.0%
Pad                  0.000000e+00 0.000000e+00 0.000000e+00 0.000000e+00   0.0%
------------------------------------------------------------------------
Total                3.204412e-02 2.592040e-02 2.200654e-08 5.796454e-02 100.0%
                            55.3%        44.7%         0.0%
Writing metric power__internal__total: 0.03204411640763283
Writing metric power__switching__total: 0.025920400395989418
Writing metric power__leakage__total: 2.2006538813457155e-8
Writing metric power__total: 0.057964541018009186

