
===========================================================================
report_checks -unconstrained
===========================================================================
======================= min_ss_100C_1v60 Corner ===================================

Startpoint: sample_in[5] (input port clocked by clk)
Endpoint: _9219_ (rising edge-triggered flip-flop clocked by clk)
Path Group: clk
Path Type: max

Fanout         Cap        Slew       Delay        Time   Description
---------------------------------------------------------------------------------------------
                                  0.000000    0.000000   clock clk (rise edge)
                                  0.000000    0.000000   clock network delay (propagated)
                                  4.000000    4.000000 v input external delay
     1    0.003455    0.000000    0.000000    4.000000 v sample_in[5] (in)
                                                         sample_in[5] (net)
                      0.000060    0.000031    4.000031 v input13/A (sky130_fd_sc_hd__clkbuf_4)
     2    0.038290    0.151418    0.307592    4.307622 v input13/X (sky130_fd_sc_hd__clkbuf_4)
                                                         net13 (net)
                      0.151478    0.002968    4.310591 v hold755/A (sky130_fd_sc_hd__dlygate4sd3_1)
     3    0.036215    0.393382    1.500017    5.810607 v hold755/X (sky130_fd_sc_hd__dlygate4sd3_1)
                                                         net755 (net)
                      0.393382    0.000894    5.811501 v fanout346/A (sky130_fd_sc_hd__dlygate4sd1_1)
     2    0.007433    0.098511    0.677993    6.489493 v fanout346/X (sky130_fd_sc_hd__dlygate4sd1_1)
                                                         net346 (net)
                      0.098511    0.000082    6.489576 v wire347/A (sky130_fd_sc_hd__clkbuf_4)
     7    0.050450    0.190699    0.385629    6.875205 v wire347/X (sky130_fd_sc_hd__clkbuf_4)
                                                         net347 (net)
                      0.190721    0.002191    6.877396 v fanout344/A (sky130_fd_sc_hd__buf_2)
     9    0.042738    0.199779    0.437993    7.315389 v fanout344/X (sky130_fd_sc_hd__buf_2)
                                                         net344 (net)
                      0.199780    0.000871    7.316260 v load_slew345/A (sky130_fd_sc_hd__buf_4)
     8    0.042818    0.119636    0.387927    7.704188 v load_slew345/X (sky130_fd_sc_hd__buf_4)
                                                         net345 (net)
                      0.119636    0.000493    7.704680 v _5316_/B (sky130_fd_sc_hd__and2_2)
     3    0.017056    0.131041    0.506775    8.211455 v _5316_/X (sky130_fd_sc_hd__and2_2)
                                                         _0774_ (net)
                      0.131041    0.000206    8.211661 v _6417_/B1 (sky130_fd_sc_hd__a21oi_4)
     4    0.020925    0.295089    0.323491    8.535153 ^ _6417_/Y (sky130_fd_sc_hd__a21oi_4)
                                                         _1868_ (net)
                      0.295089    0.000412    8.535565 ^ _6418_/B (sky130_fd_sc_hd__xnor2_2)
     3    0.018867    0.432017    0.363240    8.898806 ^ _6418_/Y (sky130_fd_sc_hd__xnor2_2)
                                                         _1869_ (net)
                      0.432017    0.000250    8.899056 ^ _6478_/S (sky130_fd_sc_hd__mux2_2)
     1    0.002560    0.087471    0.800820    9.699876 v _6478_/X (sky130_fd_sc_hd__mux2_2)
                                                         _1928_ (net)
                      0.087471    0.000028    9.699903 v _6479_/B1 (sky130_fd_sc_hd__a2bb2o_2)
     2    0.022827    0.166203    0.640454   10.340358 v _6479_/X (sky130_fd_sc_hd__a2bb2o_2)
                                                         _1929_ (net)
                      0.166204    0.000891   10.341249 v _6493_/B (sky130_fd_sc_hd__xnor2_4)
     2    0.018696    0.157680    0.319145   10.660393 v _6493_/Y (sky130_fd_sc_hd__xnor2_4)
                                                         _1943_ (net)
                      0.157680    0.000075   10.660468 v _6494_/B (sky130_fd_sc_hd__xnor2_4)
     1    0.016641    0.133855    0.307812   10.968281 v _6494_/Y (sky130_fd_sc_hd__xnor2_4)
                                                         _1944_ (net)
                      0.133855    0.000162   10.968443 v _6495_/A (sky130_fd_sc_hd__xnor2_4)
     3    0.024897    0.358793    0.425403   11.393846 ^ _6495_/Y (sky130_fd_sc_hd__xnor2_4)
                                                         _1945_ (net)
                      0.358793    0.000200   11.394045 ^ _6506_/B (sky130_fd_sc_hd__xnor2_4)
     4    0.011277    0.115399    0.222108   11.616153 v _6506_/Y (sky130_fd_sc_hd__xnor2_4)
                                                         _1956_ (net)
                      0.115399    0.000099   11.616251 v _6784_/A3 (sky130_fd_sc_hd__a31o_2)
     1    0.001833    0.057489    0.456505   12.072757 v _6784_/X (sky130_fd_sc_hd__a31o_2)
                                                         _2233_ (net)
                      0.057489    0.000016   12.072772 v _6785_/B_N (sky130_fd_sc_hd__or2b_4)
     1    0.009460    0.073546    0.405575   12.478348 ^ _6785_/X (sky130_fd_sc_hd__or2b_4)
                                                         _2234_ (net)
                      0.073546    0.000114   12.478461 ^ _6787_/B1 (sky130_fd_sc_hd__a221oi_4)
     2    0.011537    0.130834    0.127010   12.605472 v _6787_/Y (sky130_fd_sc_hd__a221oi_4)
                                                         _2236_ (net)
                      0.130834    0.000089   12.605560 v max_cap56/A (sky130_fd_sc_hd__clkbuf_2)
     2    0.008049    0.073104    0.238661   12.844221 v max_cap56/X (sky130_fd_sc_hd__clkbuf_2)
                                                         net56 (net)
                      0.073104    0.000181   12.844402 v _7150_/A (sky130_fd_sc_hd__or2_2)
     1    0.003294    0.112871    0.674271   13.518674 v _7150_/X (sky130_fd_sc_hd__or2_2)
                                                         _2597_ (net)
                      0.112871    0.000036   13.518710 v _7151_/B2 (sky130_fd_sc_hd__a22o_2)
     1    0.005856    0.082225    0.454981   13.973691 v _7151_/X (sky130_fd_sc_hd__a22o_2)
                                                         _2598_ (net)
                      0.082225    0.000084   13.973776 v _7152_/C1 (sky130_fd_sc_hd__o221a_4)
     3    0.015204    0.107581    0.247153   14.220928 v _7152_/X (sky130_fd_sc_hd__o221a_4)
                                                         _2599_ (net)
                      0.107581    0.000563   14.221491 v _7510_/A (sky130_fd_sc_hd__or2_4)
     1    0.005841    0.084270    0.498585   14.720077 v _7510_/X (sky130_fd_sc_hd__or2_4)
                                                         _2955_ (net)
                      0.084270    0.000055   14.720131 v _7511_/B2 (sky130_fd_sc_hd__a22o_4)
     1    0.008704    0.075116    0.427887   15.148019 v _7511_/X (sky130_fd_sc_hd__a22o_4)
                                                         _2956_ (net)
                      0.075116    0.000085   15.148104 v _7512_/C1 (sky130_fd_sc_hd__o221ai_4)
     2    0.009199    0.290174    0.108727   15.256831 ^ _7512_/Y (sky130_fd_sc_hd__o221ai_4)
                                                         _2957_ (net)
                      0.290174    0.000149   15.256980 ^ _7652_/A2 (sky130_fd_sc_hd__a21oi_2)
     2    0.007521    0.104885    0.212296   15.469276 v _7652_/Y (sky130_fd_sc_hd__a21oi_2)
                                                         _3096_ (net)
                      0.104885    0.000099   15.469376 v max_cap42/A (sky130_fd_sc_hd__buf_6)
     4    0.022685    0.061673    0.251488   15.720863 v max_cap42/X (sky130_fd_sc_hd__buf_6)
                                                         net42 (net)
                      0.061691    0.001037   15.721901 v _7995_/A1 (sky130_fd_sc_hd__a21o_2)
     1    0.002588    0.056228    0.341652   16.063553 v _7995_/X (sky130_fd_sc_hd__a21o_2)
                                                         _3436_ (net)
                      0.056228    0.000023   16.063576 v _7996_/B1 (sky130_fd_sc_hd__a22o_2)
     1    0.004437    0.074047    0.394623   16.458199 v _7996_/X (sky130_fd_sc_hd__a22o_2)
                                                         _3437_ (net)
                      0.074047    0.000068   16.458267 v _8000_/B1 (sky130_fd_sc_hd__a221o_2)
     1    0.005008    0.101267    0.651241   17.109507 v _8000_/X (sky130_fd_sc_hd__a221o_2)
                                                         _3441_ (net)
                      0.101267    0.000062   17.109570 v _8001_/B1 (sky130_fd_sc_hd__o21ai_2)
     1    0.016687    0.378001    0.180737   17.290306 ^ _8001_/Y (sky130_fd_sc_hd__o21ai_2)
                                                         _3442_ (net)
                      0.378001    0.000080   17.290386 ^ _8044_/B (sky130_fd_sc_hd__xnor2_4)
     1    0.066153    0.367642    0.431381   17.721767 v _8044_/Y (sky130_fd_sc_hd__xnor2_4)
                                                         _3485_ (net)
                      0.367790    0.006114   17.727882 v _8045_/A1 (sky130_fd_sc_hd__mux2_2)
     1    0.002512    0.087453    0.674582   18.402464 v _8045_/X (sky130_fd_sc_hd__mux2_2)
                                                         _3486_ (net)
                      0.087453    0.000025   18.402489 v _8117_/A0 (sky130_fd_sc_hd__mux2_2)
     1    0.002722    0.088259    0.546260   18.948750 v _8117_/X (sky130_fd_sc_hd__mux2_2)
                                                         _3558_ (net)
                      0.088259    0.000027   18.948776 v _8118_/A (sky130_fd_sc_hd__buf_1)
     1    0.002350    0.045930    0.167589   19.116364 v _8118_/X (sky130_fd_sc_hd__buf_1)
                                                         _0200_ (net)
                      0.045930    0.000021   19.116386 v _9219_/D (sky130_fd_sc_hd__dfrtp_2)
                                             19.116386   data arrival time

                                 20.000000   20.000000   clock clk (rise edge)
                                  0.000000   20.000000   clock source latency
     1    0.049821    0.150000    0.000000   20.000000 ^ clk (in)
                                                         clk (net)
                      0.155821    0.002853   20.002853 ^ clkbuf_0_clk/A (sky130_fd_sc_hd__clkbuf_16)
     4    0.080260    0.148412    0.326056   20.328909 ^ clkbuf_0_clk/X (sky130_fd_sc_hd__clkbuf_16)
                                                         clknet_0_clk (net)
                      0.148443    0.002226   20.331135 ^ clkbuf_2_3__f_clk/A (sky130_fd_sc_hd__clkbuf_16)
     8    0.107713    0.187235    0.352141   20.683275 ^ clkbuf_2_3__f_clk/X (sky130_fd_sc_hd__clkbuf_16)
                                                         clknet_2_3__leaf_clk (net)
                      0.187267    0.002432   20.685707 ^ clkbuf_leaf_33_clk/A (sky130_fd_sc_hd__clkbuf_8)
     6    0.024990    0.095356    0.295042   20.980751 ^ clkbuf_leaf_33_clk/X (sky130_fd_sc_hd__clkbuf_8)
                                                         clknet_leaf_33_clk (net)
                      0.095356    0.000231   20.980982 ^ _9219_/CLK (sky130_fd_sc_hd__dfrtp_2)
                                 -0.100000   20.880981   clock uncertainty
                                  0.000000   20.880981   clock reconvergence pessimism
                                 -0.259800   20.621181   library setup time
                                             20.621181   data required time
---------------------------------------------------------------------------------------------
                                             20.621181   data required time
                                            -19.116386   data arrival time
---------------------------------------------------------------------------------------------
                                              1.504796   slack (MET)




===========================================================================
report_checks --slack_max -0.01
============================================================================
======================= min_ss_100C_1v60 Corner ===================================

No paths found.


===========================================================================
 report_check_types -max_slew -max_cap -max_fanout -violators
============================================================================
======================= min_ss_100C_1v60 Corner ===================================

max fanout

Pin                                   Limit Fanout  Slack
---------------------------------------------------------
_9221_/Q                                 16     17        (VIOLATED)



===========================================================================
report_parasitic_annotation -report_unannotated
============================================================================
Found 32 unannotated drivers.
 clkload0/Y
 clkload1/Y
 clkload10/X
 clkload11/X
 clkload12/Y
 clkload13/Y
 clkload14/X
 clkload15/Y
 clkload16/X
 clkload17/X
 clkload18/Y
 clkload19/X
 clkload2/Y
 clkload20/Y
 clkload21/X
 clkload22/X
 clkload23/Y
 clkload24/Y
 clkload25/Y
 clkload26/Y
 clkload27/X
 clkload28/X
 clkload29/X
 clkload3/Y
 clkload30/Y
 clkload31/Y
 clkload4/X
 clkload5/X
 clkload6/X
 clkload7/Y
 clkload8/Y
 clkload9/Y
Found 0 partially unannotated drivers.

===========================================================================
max slew violation count 0
max fanout violation count 1
max cap violation count 0
============================================================================

===========================================================================
check_setup -verbose -unconstrained_endpoints -multiple_clock -no_clock -no_input_delay -loops -generated_clocks
===========================================================================
Warning: There is 1 input port missing set_input_delay.
  rst_n
