
===========================================================================
report_checks -unconstrained
===========================================================================
======================= nom_tt_025C_1v80 Corner ===================================

Startpoint: _9236_ (rising edge-triggered flip-flop clocked by clk)
Endpoint: _9230_ (rising edge-triggered flip-flop clocked by clk)
Path Group: clk
Path Type: max

Fanout         Cap        Slew       Delay        Time   Description
---------------------------------------------------------------------------------------------
                                  0.000000    0.000000   clock clk (rise edge)
                                  0.000000    0.000000   clock source latency
     1    0.035325    0.150000    0.000000    0.000000 ^ clk (in)
                                                         clk (net)
                      0.154316    0.002266    0.002266 ^ clkbuf_0_clk/A (sky130_fd_sc_hd__clkbuf_16)
     4    0.061434    0.079835    0.205442    0.207708 ^ clkbuf_0_clk/X (sky130_fd_sc_hd__clkbuf_16)
                                                         clknet_0_clk (net)
                      0.079835    0.000306    0.208014 ^ clkbuf_2_2__f_clk/A (sky130_fd_sc_hd__clkbuf_16)
    10    0.105204    0.119666    0.212967    0.420981 ^ clkbuf_2_2__f_clk/X (sky130_fd_sc_hd__clkbuf_16)
                                                         clknet_2_2__leaf_clk (net)
                      0.119670    0.001029    0.422009 ^ clkbuf_leaf_6_clk/A (sky130_fd_sc_hd__clkbuf_8)
     9    0.027774    0.062969    0.178061    0.600071 ^ clkbuf_leaf_6_clk/X (sky130_fd_sc_hd__clkbuf_8)
                                                         clknet_leaf_6_clk (net)
                      0.062969    0.000067    0.600138 ^ _9236_/CLK (sky130_fd_sc_hd__dfrtp_2)
     4    0.020801    0.080908    0.465870    1.066008 v _9236_/Q (sky130_fd_sc_hd__dfrtp_2)
                                                         tap_cnt[3] (net)
                      0.080908    0.000214    1.066222 v fanout242/A (sky130_fd_sc_hd__clkdlybuf4s25_1)
     8    0.029599    0.221859    0.425876    1.492097 v fanout242/X (sky130_fd_sc_hd__clkdlybuf4s25_1)
                                                         net242 (net)
                      0.221859    0.000007    1.492104 v fanout240/A (sky130_fd_sc_hd__clkdlybuf4s25_1)
     9    0.036358    0.269796    0.517733    2.009837 v fanout240/X (sky130_fd_sc_hd__clkdlybuf4s25_1)
                                                         net240 (net)
                      0.269796    0.000222    2.010059 v load_slew241/A (sky130_fd_sc_hd__buf_4)
     8    0.030585    0.056112    0.278796    2.288855 v load_slew241/X (sky130_fd_sc_hd__buf_4)
                                                         net241 (net)
                      0.056112    0.000148    2.289003 v _4951_/C (sky130_fd_sc_hd__or4_4)
     2    0.024605    0.118441    0.564791    2.853793 v _4951_/X (sky130_fd_sc_hd__or4_4)
                                                         _0415_ (net)
                      0.118441    0.000036    2.853829 v _4998_/B (sky130_fd_sc_hd__xnor2_2)
     4    0.018859    0.175349    0.213618    3.067446 v _4998_/Y (sky130_fd_sc_hd__xnor2_2)
                                                         _0461_ (net)
                      0.175349    0.000039    3.067486 v _4999_/A (sky130_fd_sc_hd__buf_4)
    10    0.081341    0.108027    0.285727    3.353213 v _4999_/X (sky130_fd_sc_hd__buf_4)
                                                         _0462_ (net)
                      0.108030    0.000763    3.353976 v _6344_/A2 (sky130_fd_sc_hd__a2111o_2)
     1    0.007970    0.079539    0.529651    3.883626 v _6344_/X (sky130_fd_sc_hd__a2111o_2)
                                                         _1795_ (net)
                      0.079539    0.000007    3.883633 v _6345_/D (sky130_fd_sc_hd__nor4_4)
     1    0.004260    0.190234    0.144774    4.028408 ^ _6345_/Y (sky130_fd_sc_hd__nor4_4)
                                                         _1796_ (net)
                      0.190234    0.000034    4.028441 ^ wire117/A (sky130_fd_sc_hd__buf_2)
     4    0.029957    0.150788    0.241845    4.270286 ^ wire117/X (sky130_fd_sc_hd__buf_2)
                                                         net117 (net)
                      0.150803    0.001714    4.272000 ^ load_slew116/A (sky130_fd_sc_hd__buf_2)
     6    0.026334    0.133667    0.218566    4.490566 ^ load_slew116/X (sky130_fd_sc_hd__buf_2)
                                                         net116 (net)
                      0.133667    0.000220    4.490786 ^ _6346_/B (sky130_fd_sc_hd__nand2_2)
     4    0.019982    0.093106    0.122648    4.613434 v _6346_/Y (sky130_fd_sc_hd__nand2_2)
                                                         _1797_ (net)
                      0.093118    0.000904    4.614338 v _6347_/C (sky130_fd_sc_hd__and3_2)
     1    0.002066    0.035099    0.229949    4.844288 v _6347_/X (sky130_fd_sc_hd__and3_2)
                                                         _1798_ (net)
                      0.035099    0.000007    4.844295 v _6349_/B (sky130_fd_sc_hd__or3_2)
     1    0.008503    0.098271    0.495615    5.339910 v _6349_/X (sky130_fd_sc_hd__or3_2)
                                                         _1800_ (net)
                      0.098271    0.000020    5.339930 v _6350_/B (sky130_fd_sc_hd__xnor2_2)
     1    0.008386    0.069123    0.169609    5.509538 v _6350_/Y (sky130_fd_sc_hd__xnor2_2)
                                                         _1801_ (net)
                      0.069123    0.000012    5.509550 v _6351_/B (sky130_fd_sc_hd__xnor2_2)
     3    0.017864    0.099802    0.188145    5.697695 v _6351_/Y (sky130_fd_sc_hd__xnor2_2)
                                                         _1802_ (net)
                      0.099802    0.000073    5.697768 v _6361_/A (sky130_fd_sc_hd__xnor2_2)
     2    0.017623    0.271295    0.294097    5.991865 ^ _6361_/Y (sky130_fd_sc_hd__xnor2_2)
                                                         _1812_ (net)
                      0.271295    0.000043    5.991908 ^ _6362_/B (sky130_fd_sc_hd__xor2_2)
     5    0.016072    0.116509    0.165118    6.157026 v _6362_/X (sky130_fd_sc_hd__xor2_2)
                                                         _1813_ (net)
                      0.116509    0.000082    6.157108 v _6363_/C (sky130_fd_sc_hd__and3_2)
     3    0.009540    0.053861    0.271271    6.428380 v _6363_/X (sky130_fd_sc_hd__and3_2)
                                                         _1814_ (net)
                      0.053861    0.000072    6.428452 v _6374_/A (sky130_fd_sc_hd__or3_2)
     2    0.004236    0.083327    0.501647    6.930099 v _6374_/X (sky130_fd_sc_hd__or3_2)
                                                         _1825_ (net)
                      0.083327    0.000005    6.930104 v _6376_/A (sky130_fd_sc_hd__and2_2)
     2    0.013203    0.059259    0.223021    7.153125 v _6376_/X (sky130_fd_sc_hd__and2_2)
                                                         _1827_ (net)
                      0.059259    0.000049    7.153175 v _6383_/A (sky130_fd_sc_hd__xnor2_2)
     4    0.008652    0.064812    0.158706    7.311881 v _6383_/Y (sky130_fd_sc_hd__xnor2_2)
                                                         _1834_ (net)
                      0.064812    0.000038    7.311919 v _6385_/B (sky130_fd_sc_hd__or3_2)
     3    0.007651    0.092204    0.500056    7.811975 v _6385_/X (sky130_fd_sc_hd__or3_2)
                                                         _1836_ (net)
                      0.092204    0.000032    7.812007 v _6521_/C1 (sky130_fd_sc_hd__o211a_2)
     1    0.001822    0.037879    0.134746    7.946753 v _6521_/X (sky130_fd_sc_hd__o211a_2)
                                                         _1971_ (net)
                      0.037879    0.000003    7.946755 v _6524_/B (sky130_fd_sc_hd__or4bb_2)
     2    0.012809    0.132742    0.693253    8.640009 v _6524_/X (sky130_fd_sc_hd__or4bb_2)
                                                         _1974_ (net)
                      0.132742    0.000364    8.640373 v _7283_/D1 (sky130_fd_sc_hd__o2111a_2)
     2    0.017106    0.072143    0.209874    8.850247 v _7283_/X (sky130_fd_sc_hd__o2111a_2)
                                                         _2729_ (net)
                      0.072145    0.000540    8.850787 v _7566_/B2 (sky130_fd_sc_hd__o221ai_4)
     5    0.027829    0.295729    0.261880    9.112667 ^ _7566_/Y (sky130_fd_sc_hd__o221ai_4)
                                                         _3010_ (net)
                      0.295730    0.001270    9.113937 ^ _8122_/A1 (sky130_fd_sc_hd__a32o_2)
     5    0.032977    0.201789    0.367091    9.481029 ^ _8122_/X (sky130_fd_sc_hd__a32o_2)
                                                         _3562_ (net)
                      0.201798    0.001721    9.482750 ^ _8393_/A1 (sky130_fd_sc_hd__a211o_2)
     3    0.017693    0.093629    0.224410    9.707160 ^ _8393_/X (sky130_fd_sc_hd__a211o_2)
                                                         _3830_ (net)
                      0.093629    0.000110    9.707270 ^ _8464_/A2 (sky130_fd_sc_hd__a31oi_4)
     3    0.023689    0.114602    0.138863    9.846133 v _8464_/Y (sky130_fd_sc_hd__a31oi_4)
                                                         _3900_ (net)
                      0.114602    0.000501    9.846634 v _8638_/B2 (sky130_fd_sc_hd__o221ai_4)
     2    0.021433    0.257166    0.246572   10.093205 ^ _8638_/Y (sky130_fd_sc_hd__o221ai_4)
                                                         _4070_ (net)
                      0.257166    0.000284   10.093490 ^ _8652_/A2 (sky130_fd_sc_hd__a21oi_4)
     7    0.036180    0.119513    0.155259   10.248749 v _8652_/Y (sky130_fd_sc_hd__a21oi_4)
                                                         _4083_ (net)
                      0.119517    0.000828   10.249577 v _8705_/S (sky130_fd_sc_hd__mux2_1)
     1    0.002553    0.055257    0.344589   10.594166 v _8705_/X (sky130_fd_sc_hd__mux2_1)
                                                         _4135_ (net)
                      0.055257    0.000005   10.594172 v _8709_/A2 (sky130_fd_sc_hd__a211o_2)
     1    0.009003    0.064080    0.370337   10.964508 v _8709_/X (sky130_fd_sc_hd__a211o_2)
                                                         _4139_ (net)
                      0.064080    0.000068   10.964576 v _8710_/B (sky130_fd_sc_hd__xor2_2)
     1    0.009763    0.092486    0.170212   11.134789 v _8710_/X (sky130_fd_sc_hd__xor2_2)
                                                         _4140_ (net)
                      0.092486    0.000045   11.134834 v _8713_/A2 (sky130_fd_sc_hd__a21oi_4)
     1    0.002456    0.078941    0.149595   11.284429 ^ _8713_/Y (sky130_fd_sc_hd__a21oi_4)
                                                         _0211_ (net)
                      0.078941    0.000005   11.284434 ^ _9230_/D (sky130_fd_sc_hd__dfrtp_2)
                                             11.284434   data arrival time

                                 13.081284   13.081284   clock clk (rise edge)
                                  0.000000   13.081284   clock source latency
     1    0.035325    0.150000    0.000000   13.081284 ^ clk (in)
                                                         clk (net)
                      0.154316    0.002050   13.083334 ^ clkbuf_0_clk/A (sky130_fd_sc_hd__clkbuf_16)
     4    0.061434    0.079835    0.185876   13.269210 ^ clkbuf_0_clk/X (sky130_fd_sc_hd__clkbuf_16)
                                                         clknet_0_clk (net)
                      0.079878    0.001634   13.270844 ^ clkbuf_2_1__f_clk/A (sky130_fd_sc_hd__clkbuf_16)
    13    0.086795    0.103237    0.179988   13.450832 ^ clkbuf_2_1__f_clk/X (sky130_fd_sc_hd__clkbuf_16)
                                                         clknet_2_1__leaf_clk (net)
                      0.103244    0.000914   13.451747 ^ clkbuf_leaf_22_clk/A (sky130_fd_sc_hd__clkbuf_8)
     7    0.030844    0.067659    0.158870   13.610617 ^ clkbuf_leaf_22_clk/X (sky130_fd_sc_hd__clkbuf_8)
                                                         clknet_leaf_22_clk (net)
                      0.067659    0.000045   13.610662 ^ _9230_/CLK (sky130_fd_sc_hd__dfrtp_2)
                                 -0.500000   13.110662   clock uncertainty
                                  0.019782   13.130444   clock reconvergence pessimism
                                 -0.067931   13.062512   library setup time
                                             13.062512   data required time
---------------------------------------------------------------------------------------------
                                             13.062512   data required time
                                            -11.284434   data arrival time
---------------------------------------------------------------------------------------------
                                              1.778078   slack (MET)




===========================================================================
report_checks --slack_max -0.01
============================================================================
======================= nom_tt_025C_1v80 Corner ===================================

No paths found.


===========================================================================
 report_check_types -max_slew -max_cap -max_fanout -violators
============================================================================
======================= nom_tt_025C_1v80 Corner ===================================

max slew

Pin                                        Limit        Slew       Slack
------------------------------------------------------------------------
_5471_/C                                0.750000    0.760815   -0.010815 (VIOLATED)
_5463_/A_N                              0.750000    0.760815   -0.010815 (VIOLATED)
_5110_/A                                0.750000    0.760815   -0.010815 (VIOLATED)
_4937_/A_N                              0.750000    0.760815   -0.010815 (VIOLATED)
_4519_/A                                0.750000    0.760814   -0.010814 (VIOLATED)
_4998_/A                                0.750000    0.760813   -0.010813 (VIOLATED)
_5058_/A                                0.750000    0.760811   -0.010811 (VIOLATED)
_4933_/A_N                              0.750000    0.760810   -0.010810 (VIOLATED)
_5621_/A_N                              0.750000    0.760810   -0.010810 (VIOLATED)
_5622_/C                                0.750000    0.760810   -0.010810 (VIOLATED)
_4991_/A_N                              0.750000    0.760810   -0.010810 (VIOLATED)
_4924_/A                                0.750000    0.760810   -0.010810 (VIOLATED)
_5117_/A                                0.750000    0.760810   -0.010810 (VIOLATED)
_4957_/A                                0.750000    0.760810   -0.010810 (VIOLATED)
_6231_/A_N                              0.750000    0.760808   -0.010808 (VIOLATED)
_6232_/C                                0.750000    0.760808   -0.010808 (VIOLATED)
fanout239/X                             0.750000    0.760808   -0.010808 (VIOLATED)



===========================================================================
report_parasitic_annotation -report_unannotated
============================================================================
Found 32 unannotated drivers.
 clkload0/Y
 clkload1/Y
 clkload10/X
 clkload11/X
 clkload12/Y
 clkload13/Y
 clkload14/X
 clkload15/Y
 clkload16/X
 clkload17/X
 clkload18/Y
 clkload19/X
 clkload2/Y
 clkload20/Y
 clkload21/X
 clkload22/X
 clkload23/Y
 clkload24/Y
 clkload25/Y
 clkload26/Y
 clkload27/X
 clkload28/X
 clkload29/X
 clkload3/Y
 clkload30/Y
 clkload31/Y
 clkload4/X
 clkload5/X
 clkload6/X
 clkload7/Y
 clkload8/Y
 clkload9/Y
Found 0 partially unannotated drivers.

===========================================================================
max slew violation count 17
Writing metric design__max_slew_violation__count__corner:nom_tt_025C_1v80: 17
max fanout violation count 0
Writing metric design__max_fanout_violation__count__corner:nom_tt_025C_1v80: 0
max cap violation count 0
Writing metric design__max_cap_violation__count__corner:nom_tt_025C_1v80: 0
============================================================================

===========================================================================
check_setup -verbose -unconstrained_endpoints -multiple_clock -no_clock -no_input_delay -loops -generated_clocks
===========================================================================
Warning: There is 1 input port missing set_input_delay.
  rst_n
