
===========================================================================
 report_power
============================================================================
======================= nom_tt_025C_1v80 Corner ===================================

Group                    Internal    Switching      Leakage        Total
                            Power        Power        Power        Power (Watts)
------------------------------------------------------------------------
Sequential           1.756292e-03 3.346241e-04 3.892116e-09 2.090920e-03   3.5%
Combinational        3.098997e-02 2.612619e-02 1.921427e-08 5.711618e-02  95.2%
Clock                4.352729e-04 3.700444e-04 1.356307e-09 8.053186e-04   1.3%
Macro                0.000000e+00 0.000000e+00 0.000000e+00 0.000000e+00   0.0%
Pad                  0.000000e+00 0.000000e+00 0.000000e+00 0.000000e+00   0.0%
------------------------------------------------------------------------
Total                3.318160e-02 2.683086e-02 2.446271e-08 6.001248e-02 100.0%
                            55.3%        44.7%         0.0%
Writing metric power__internal__total: 0.03318159654736519
Writing metric power__switching__total: 0.026830855756998062
Writing metric power__leakage__total: 2.446271096800956e-8
Writing metric power__total: 0.06001247838139534

