
===========================================================================
 report_power
============================================================================
======================= nom_tt_025C_1v80 Corner ===================================

Group                    Internal    Switching      Leakage        Total
                            Power        Power        Power        Power (Watts)
------------------------------------------------------------------------
Sequential           1.749891e-03 4.285565e-04 3.892116e-09 2.178452e-03   4.1%
Combinational        3.022861e-02 2.109300e-02 1.726554e-08 5.132163e-02  95.9%
Clock                0.000000e+00 0.000000e+00 0.000000e+00 0.000000e+00   0.0%
Macro                0.000000e+00 0.000000e+00 0.000000e+00 0.000000e+00   0.0%
Pad                  0.000000e+00 0.000000e+00 0.000000e+00 0.000000e+00   0.0%
------------------------------------------------------------------------
Total                3.197853e-02 2.152157e-02 2.115764e-08 5.350012e-02 100.0%
                            59.8%        40.2%         0.0%

