
===========================================================================
 report_power
============================================================================
======================= nom_tt_025C_1v80 Corner ===================================

Group                    Internal    Switching      Leakage        Total
                            Power        Power        Power        Power (Watts)
------------------------------------------------------------------------
Sequential           1.145996e-03 2.622441e-04 3.892116e-09 1.408244e-03   4.0%
Combinational        1.976954e-02 1.379540e-02 1.726554e-08 3.356495e-02  96.0%
Clock                0.000000e+00 0.000000e+00 0.000000e+00 0.000000e+00   0.0%
Macro                0.000000e+00 0.000000e+00 0.000000e+00 0.000000e+00   0.0%
Pad                  0.000000e+00 0.000000e+00 0.000000e+00 0.000000e+00   0.0%
------------------------------------------------------------------------
Total                2.091553e-02 1.405763e-02 2.115764e-08 3.497318e-02 100.0%
                            59.8%        40.2%         0.0%

