Clock: clk
Sources: clk 
Generated: no
Virtual: yes
Propagated: no
Period: 20.000000

===========================================================================
report_clock_properties
============================================================================
Clock                   Period          Waveform
----------------------------------------------------
clk                  20.000000    0.000000 10.000000

===========================================================================
report_clock_latency
============================================================================
Clock clk
rise -> rise
    min     max
0.000000 0.000000 source latency
0.597845         network latency _9218_/CLK
        0.689997 network latency _9210_/CLK
---------------
0.597845 0.689997 latency
        0.092153 skew

fall -> fall
    min     max
0.000000 0.000000 source latency
0.606816         network latency _9218_/CLK
        0.679389 network latency _9333_/CLK
---------------
0.606816 0.679389 latency
        0.072573 skew



===========================================================================
report_clock_min_period
============================================================================
clk period_min = 9.54 fmax = 104.84
