
===========================================================================
 report_power
============================================================================
======================= nom_ss_100C_1v60 Corner ===================================

Group                    Internal    Switching      Leakage        Total
                            Power        Power        Power        Power (Watts)
------------------------------------------------------------------------
Sequential           7.654793e-04 2.302423e-04 6.345865e-06 1.002068e-03   4.0%
Combinational        1.218639e-02 1.185304e-02 2.351541e-05 2.406295e-02  96.0%
Clock                0.000000e+00 0.000000e+00 0.000000e+00 0.000000e+00   0.0%
Macro                0.000000e+00 0.000000e+00 0.000000e+00 0.000000e+00   0.0%
Pad                  0.000000e+00 0.000000e+00 0.000000e+00 0.000000e+00   0.0%
------------------------------------------------------------------------
Total                1.295184e-02 1.208329e-02 2.986134e-05 2.506500e-02 100.0%
                            51.7%        48.2%         0.1%

