
===========================================================================
report_checks -unconstrained
===========================================================================
======================= nom_tt_025C_1v80 Corner ===================================

Startpoint: sample_in[2] (input port clocked by clk)
Endpoint: _9219_ (rising edge-triggered flip-flop clocked by clk)
Path Group: clk
Path Type: max

Fanout         Cap        Slew       Delay        Time   Description
---------------------------------------------------------------------------------------------
                                  0.000000    0.000000   clock clk (rise edge)
                                  0.000000    0.000000   clock network delay (propagated)
                                  2.616257    2.616257 v input external delay
     1    0.004044    0.000000    0.000000    2.616257 v sample_in[2] (in)
                                                         sample_in[2] (net)
                      0.000136    0.000072    2.616328 v input10/A (sky130_fd_sc_hd__buf_4)
     1    0.010726    0.033230    0.126150    2.742478 v input10/X (sky130_fd_sc_hd__buf_4)
                                                         net10 (net)
                      0.033252    0.000805    2.743283 v hold749/A (sky130_fd_sc_hd__dlygate4sd3_1)
     3    0.026590    0.156532    0.696307    3.439590 v hold749/X (sky130_fd_sc_hd__dlygate4sd3_1)
                                                         net749 (net)
                      0.156539    0.001318    3.440908 v load_slew366/A (sky130_fd_sc_hd__buf_6)
     2    0.008007    0.024762    0.171347    3.612256 v load_slew366/X (sky130_fd_sc_hd__buf_6)
                                                         net366 (net)
                      0.024762    0.000295    3.612551 v fanout360/A (sky130_fd_sc_hd__buf_6)
     4    0.015324    0.029772    0.117554    3.730104 v fanout360/X (sky130_fd_sc_hd__buf_6)
                                                         net360 (net)
                      0.029782    0.000555    3.730659 v load_slew362/A (sky130_fd_sc_hd__buf_6)
     2    0.007851    0.023838    0.111257    3.841916 v load_slew362/X (sky130_fd_sc_hd__buf_6)
                                                         net362 (net)
                      0.023838    0.000276    3.842192 v load_slew361/A (sky130_fd_sc_hd__buf_6)
     4    0.039111    0.047909    0.136524    3.978717 v load_slew361/X (sky130_fd_sc_hd__buf_6)
                                                         net361 (net)
                      0.048085    0.002614    3.981330 v _6111_/A (sky130_fd_sc_hd__xor2_4)
     2    0.008875    0.058259    0.189681    4.171011 v _6111_/X (sky130_fd_sc_hd__xor2_4)
                                                         _1563_ (net)
                      0.058259    0.000156    4.171168 v max_cap273/A (sky130_fd_sc_hd__buf_6)
     4    0.013181    0.027816    0.130639    4.301806 v max_cap273/X (sky130_fd_sc_hd__buf_6)
                                                         net273 (net)
                      0.027819    0.000324    4.302130 v _6117_/B2 (sky130_fd_sc_hd__a22o_4)
     4    0.011370    0.048176    0.235690    4.537820 v _6117_/X (sky130_fd_sc_hd__a22o_4)
                                                         _1569_ (net)
                      0.048204    0.000364    4.538185 v _6424_/A1 (sky130_fd_sc_hd__mux2_2)
     1    0.002486    0.046498    0.268725    4.806910 v _6424_/X (sky130_fd_sc_hd__mux2_2)
                                                         _1875_ (net)
                      0.046498    0.000055    4.806965 v _6427_/A0 (sky130_fd_sc_hd__mux2_4)
     1    0.004667    0.051789    0.281485    5.088449 v _6427_/X (sky130_fd_sc_hd__mux2_4)
                                                         _1878_ (net)
                      0.051789    0.000113    5.088562 v _6428_/B1 (sky130_fd_sc_hd__a22o_4)
     3    0.017661    0.056965    0.252151    5.340713 v _6428_/X (sky130_fd_sc_hd__a22o_4)
                                                         _1879_ (net)
                      0.056965    0.000801    5.341514 v rebuffer677/A (sky130_fd_sc_hd__buf_2)
     2    0.006657    0.031871    0.136684    5.478198 v rebuffer677/X (sky130_fd_sc_hd__buf_2)
                                                         net677 (net)
                      0.031872    0.000160    5.478358 v _6502_/A1 (sky130_fd_sc_hd__o21ba_2)
     1    0.003146    0.035238    0.209288    5.687646 v _6502_/X (sky130_fd_sc_hd__o21ba_2)
                                                         _1952_ (net)
                      0.035238    0.000107    5.687753 v _6503_/B1 (sky130_fd_sc_hd__a31o_2)
     1    0.002555    0.035909    0.212178    5.899930 v _6503_/X (sky130_fd_sc_hd__a31o_2)
                                                         _1953_ (net)
                      0.035909    0.000055    5.899986 v _6504_/B2 (sky130_fd_sc_hd__a32o_2)
     2    0.024564    0.089028    0.298053    6.198039 v _6504_/X (sky130_fd_sc_hd__a32o_2)
                                                         _1954_ (net)
                      0.089072    0.001934    6.199973 v _6505_/A (sky130_fd_sc_hd__xnor2_4)
     1    0.018168    0.191447    0.239486    6.439459 ^ _6505_/Y (sky130_fd_sc_hd__xnor2_4)
                                                         _1955_ (net)
                      0.191447    0.000485    6.439943 ^ _6506_/A (sky130_fd_sc_hd__xnor2_4)
     4    0.011193    0.068276    0.111411    6.551355 v _6506_/Y (sky130_fd_sc_hd__xnor2_4)
                                                         _1956_ (net)
                      0.068276    0.000300    6.551654 v _6782_/A2 (sky130_fd_sc_hd__a21o_2)
     1    0.009223    0.049553    0.246628    6.798283 v _6782_/X (sky130_fd_sc_hd__a21o_2)
                                                         _2231_ (net)
                      0.049553    0.000252    6.798535 v _6783_/B1 (sky130_fd_sc_hd__o21ai_4)
     2    0.013763    0.151533    0.076837    6.875372 ^ _6783_/Y (sky130_fd_sc_hd__o21ai_4)
                                                         _2232_ (net)
                      0.151533    0.000242    6.875614 ^ _6785_/A (sky130_fd_sc_hd__or2b_4)
     1    0.010394    0.045950    0.160217    7.035830 ^ _6785_/X (sky130_fd_sc_hd__or2b_4)
                                                         _2234_ (net)
                      0.045952    0.000360    7.036190 ^ _6787_/B1 (sky130_fd_sc_hd__a221oi_4)
     2    0.012686    0.075736    0.066557    7.102747 v _6787_/Y (sky130_fd_sc_hd__a221oi_4)
                                                         _2236_ (net)
                      0.075736    0.000381    7.103128 v max_cap56/A (sky130_fd_sc_hd__clkbuf_2)
     2    0.006455    0.035534    0.129449    7.232577 v max_cap56/X (sky130_fd_sc_hd__clkbuf_2)
                                                         net56 (net)
                      0.035535    0.000295    7.232872 v _7150_/A (sky130_fd_sc_hd__or2_2)
     1    0.003280    0.055460    0.300459    7.533331 v _7150_/X (sky130_fd_sc_hd__or2_2)
                                                         _2597_ (net)
                      0.055460    0.000086    7.533418 v _7151_/B2 (sky130_fd_sc_hd__a22o_2)
     1    0.005470    0.046621    0.245126    7.778543 v _7151_/X (sky130_fd_sc_hd__a22o_2)
                                                         _2598_ (net)
                      0.046621    0.000163    7.778707 v _7152_/C1 (sky130_fd_sc_hd__o221a_4)
     3    0.012701    0.052865    0.130517    7.909224 v _7152_/X (sky130_fd_sc_hd__o221a_4)
                                                         _2599_ (net)
                      0.052865    0.000752    7.909976 v _7510_/A (sky130_fd_sc_hd__or2_4)
     1    0.005616    0.048315    0.261147    8.171123 v _7510_/X (sky130_fd_sc_hd__or2_4)
                                                         _2955_ (net)
                      0.048315    0.000162    8.171285 v _7511_/B2 (sky130_fd_sc_hd__a22o_4)
     1    0.009528    0.045791    0.238750    8.410035 v _7511_/X (sky130_fd_sc_hd__a22o_4)
                                                         _2956_ (net)
                      0.045791    0.000298    8.410333 v _7512_/C1 (sky130_fd_sc_hd__o221ai_4)
     2    0.009322    0.183770    0.067670    8.478003 ^ _7512_/Y (sky130_fd_sc_hd__o221ai_4)
                                                         _2957_ (net)
                      0.183770    0.000341    8.478344 ^ _7652_/A2 (sky130_fd_sc_hd__a21oi_2)
     2    0.008049    0.059146    0.099776    8.578120 v _7652_/Y (sky130_fd_sc_hd__a21oi_2)
                                                         _3096_ (net)
                      0.059146    0.000304    8.578424 v max_cap42/A (sky130_fd_sc_hd__buf_6)
     4    0.021777    0.034489    0.140049    8.718472 v max_cap42/X (sky130_fd_sc_hd__buf_6)
                                                         net42 (net)
                      0.034579    0.001230    8.719703 v _7995_/A1 (sky130_fd_sc_hd__a21o_2)
     1    0.003272    0.034610    0.187101    8.906803 v _7995_/X (sky130_fd_sc_hd__a21o_2)
                                                         _3436_ (net)
                      0.034610    0.000115    8.906919 v _7996_/B1 (sky130_fd_sc_hd__a22o_2)
     1    0.004046    0.042878    0.214095    9.121014 v _7996_/X (sky130_fd_sc_hd__a22o_2)
                                                         _3437_ (net)
                      0.042878    0.000123    9.121137 v _8000_/B1 (sky130_fd_sc_hd__a221o_2)
     1    0.005023    0.059773    0.352975    9.474113 v _8000_/X (sky130_fd_sc_hd__a221o_2)
                                                         _3441_ (net)
                      0.059773    0.000179    9.474291 v _8001_/B1 (sky130_fd_sc_hd__o21ai_2)
     1    0.017345    0.227100    0.114192    9.588483 ^ _8001_/Y (sky130_fd_sc_hd__o21ai_2)
                                                         _3442_ (net)
                      0.227101    0.000529    9.589012 ^ _8044_/B (sky130_fd_sc_hd__xnor2_4)
     1    0.037707    0.135019    0.160194    9.749207 v _8044_/Y (sky130_fd_sc_hd__xnor2_4)
                                                         _3485_ (net)
                      0.135262    0.004671    9.753877 v _8045_/A1 (sky130_fd_sc_hd__mux2_2)
     1    0.003574    0.050119    0.311425   10.065302 v _8045_/X (sky130_fd_sc_hd__mux2_2)
                                                         _3486_ (net)
                      0.050119    0.000134   10.065435 v _8117_/A0 (sky130_fd_sc_hd__mux2_2)
     1    0.003794    0.051252    0.274555   10.339991 v _8117_/X (sky130_fd_sc_hd__mux2_2)
                                                         _3558_ (net)
                      0.051252    0.000139   10.340129 v _8118_/A (sky130_fd_sc_hd__buf_1)
     1    0.002305    0.024026    0.091855   10.431984 v _8118_/X (sky130_fd_sc_hd__buf_1)
                                                         _0200_ (net)
                      0.024026    0.000050   10.432034 v _9219_/D (sky130_fd_sc_hd__dfrtp_2)
                                             10.432034   data arrival time

                                 13.081284   13.081284   clock clk (rise edge)
                                  0.000000   13.081284   clock source latency
     1    0.036018    0.150000    0.000000   13.081284 ^ clk (in)
                                                         clk (net)
                      0.155014    0.002382   13.083666 ^ clkbuf_0_clk/A (sky130_fd_sc_hd__clkbuf_16)
     4    0.064072    0.082592    0.186756   13.270422 ^ clkbuf_0_clk/X (sky130_fd_sc_hd__clkbuf_16)
                                                         clknet_0_clk (net)
                      0.082900    0.003292   13.273714 ^ clkbuf_2_3__f_clk/A (sky130_fd_sc_hd__clkbuf_16)
     8    0.090156    0.106331    0.182193   13.455907 ^ clkbuf_2_3__f_clk/X (sky130_fd_sc_hd__clkbuf_16)
                                                         clknet_2_3__leaf_clk (net)
                      0.106542    0.003197   13.459104 ^ clkbuf_leaf_33_clk/A (sky130_fd_sc_hd__clkbuf_8)
     6    0.024130    0.057322    0.152007   13.611111 ^ clkbuf_leaf_33_clk/X (sky130_fd_sc_hd__clkbuf_8)
                                                         clknet_leaf_33_clk (net)
                      0.057327    0.000530   13.611641 ^ _9219_/CLK (sky130_fd_sc_hd__dfrtp_2)
                                 -0.500000   13.111641   clock uncertainty
                                  0.000000   13.111641   clock reconvergence pessimism
                                 -0.103446   13.008195   library setup time
                                             13.008195   data required time
---------------------------------------------------------------------------------------------
                                             13.008195   data required time
                                            -10.432034   data arrival time
---------------------------------------------------------------------------------------------
                                              2.576162   slack (MET)




===========================================================================
report_checks --slack_max -0.01
============================================================================
======================= nom_tt_025C_1v80 Corner ===================================

No paths found.


===========================================================================
 report_check_types -max_slew -max_cap -max_fanout -violators
============================================================================
======================= nom_tt_025C_1v80 Corner ===================================

max slew

Pin                                        Limit        Slew       Slack
------------------------------------------------------------------------
_6470_/B                                0.750000    0.760695   -0.010695 (VIOLATED)
_6482_/B                                0.750000    0.760693   -0.010693 (VIOLATED)
_6432_/A                                0.750000    0.760687   -0.010687 (VIOLATED)
_6499_/A                                0.750000    0.760679   -0.010680 (VIOLATED)
_7200_/A1                               0.750000    0.760675   -0.010675 (VIOLATED)
_7729_/A2                               0.750000    0.760672   -0.010672 (VIOLATED)
_6876_/A2                               0.750000    0.760672   -0.010672 (VIOLATED)
_6877_/A2                               0.750000    0.760671   -0.010671 (VIOLATED)
_7198_/A2                               0.750000    0.760671   -0.010671 (VIOLATED)
_7717_/B                                0.750000    0.760666   -0.010666 (VIOLATED)
_6798_/A0                               0.750000    0.760661   -0.010661 (VIOLATED)
_6797_/A                                0.750000    0.760458   -0.010458 (VIOLATED)
_7542_/A                                0.750000    0.760458   -0.010458 (VIOLATED)
_7543_/A                                0.750000    0.760458   -0.010458 (VIOLATED)
_7876_/C1                               0.750000    0.760458   -0.010458 (VIOLATED)
_7877_/A                                0.750000    0.760458   -0.010458 (VIOLATED)
fanout286/X                             0.750000    0.760458   -0.010458 (VIOLATED)
_7911_/A                                0.750000    0.751011   -0.001011 (VIOLATED)
_7912_/A1                               0.750000    0.751009   -0.001009 (VIOLATED)
_7822_/A1                               0.750000    0.751009   -0.001009 (VIOLATED)
_7916_/A                                0.750000    0.751009   -0.001009 (VIOLATED)
_7821_/B2                               0.750000    0.751008   -0.001008 (VIOLATED)
_7833_/A                                0.750000    0.751008   -0.001008 (VIOLATED)
_4889_/A                                0.750000    0.751007   -0.001007 (VIOLATED)
_7907_/A1                               0.750000    0.751007   -0.001007 (VIOLATED)
_7924_/A                                0.750000    0.751007   -0.001007 (VIOLATED)
_7905_/C_N                              0.750000    0.751007   -0.001007 (VIOLATED)
_7841_/A1                               0.750000    0.751005   -0.001005 (VIOLATED)
_7830_/B                                0.750000    0.751000   -0.001000 (VIOLATED)
_7839_/S                                0.750000    0.751000   -0.001000 (VIOLATED)
_7831_/A                                0.750000    0.750999   -0.000999 (VIOLATED)
_7631_/A                                0.750000    0.750974   -0.000974 (VIOLATED)
_7698_/A0                               0.750000    0.750964   -0.000964 (VIOLATED)
fanout271/X                             0.750000    0.750962   -0.000962 (VIOLATED)



===========================================================================
report_parasitic_annotation -report_unannotated
============================================================================
Found 32 unannotated drivers.
 clkload0/Y
 clkload1/Y
 clkload10/X
 clkload11/X
 clkload12/Y
 clkload13/Y
 clkload14/X
 clkload15/Y
 clkload16/X
 clkload17/X
 clkload18/Y
 clkload19/X
 clkload2/Y
 clkload20/Y
 clkload21/X
 clkload22/X
 clkload23/Y
 clkload24/Y
 clkload25/Y
 clkload26/Y
 clkload27/X
 clkload28/X
 clkload29/X
 clkload3/Y
 clkload30/Y
 clkload31/Y
 clkload4/X
 clkload5/X
 clkload6/X
 clkload7/Y
 clkload8/Y
 clkload9/Y
Found 0 partially unannotated drivers.

===========================================================================
max slew violation count 34
Writing metric design__max_slew_violation__count__corner:nom_tt_025C_1v80: 34
max fanout violation count 0
Writing metric design__max_fanout_violation__count__corner:nom_tt_025C_1v80: 0
max cap violation count 0
Writing metric design__max_cap_violation__count__corner:nom_tt_025C_1v80: 0
============================================================================

===========================================================================
check_setup -verbose -unconstrained_endpoints -multiple_clock -no_clock -no_input_delay -loops -generated_clocks
===========================================================================
Warning: There is 1 input port missing set_input_delay.
  rst_n
