
===========================================================================
 report_power
============================================================================
======================= nom_tt_025C_1v80 Corner ===================================

Group                    Internal    Switching      Leakage        Total
                            Power        Power        Power        Power (Watts)
------------------------------------------------------------------------
Sequential           1.752965e-03 3.380152e-04 3.892116e-09 2.090984e-03   2.9%
Combinational        3.703322e-02 3.173991e-02 2.383838e-08 6.877314e-02  95.9%
Clock                4.359990e-04 4.062889e-04 1.356324e-09 8.422892e-04   1.2%
Macro                0.000000e+00 0.000000e+00 0.000000e+00 0.000000e+00   0.0%
Pad                  0.000000e+00 0.000000e+00 0.000000e+00 0.000000e+00   0.0%
------------------------------------------------------------------------
Total                3.922215e-02 3.248421e-02 2.908684e-08 7.170640e-02 100.0%
                            54.7%        45.3%         0.0%
Writing metric power__internal__total: 0.03922215476632118
Writing metric power__switching__total: 0.03248421102762222
Writing metric power__leakage__total: 2.908683960356484e-8
Writing metric power__total: 0.07170639932155609

