
===========================================================================
 report_power
============================================================================
======================= nom_ff_n40C_1v95 Corner ===================================

Group                    Internal    Switching      Leakage        Total
                            Power        Power        Power        Power (Watts)
------------------------------------------------------------------------
Sequential           1.299245e-03 1.609802e-04 7.163825e-09 1.460233e-03   4.1%
Combinational        1.919469e-02 1.533510e-02 3.421543e-08 3.452982e-02  95.9%
Clock                0.000000e+00 0.000000e+00 0.000000e+00 0.000000e+00   0.0%
Macro                0.000000e+00 0.000000e+00 0.000000e+00 0.000000e+00   0.0%
Pad                  0.000000e+00 0.000000e+00 0.000000e+00 0.000000e+00   0.0%
------------------------------------------------------------------------
Total                2.049390e-02 1.549608e-02 4.137945e-08 3.599002e-02 100.0%
                            56.9%        43.1%         0.0%

