
===========================================================================
 report_power
============================================================================
======================= nom_ss_100C_1v60 Corner ===================================

Group                    Internal    Switching      Leakage        Total
                            Power        Power        Power        Power (Watts)
------------------------------------------------------------------------
Sequential           8.698165e-04 1.044727e-04 6.340429e-06 9.806296e-04   3.7%
Combinational        1.552783e-02 1.032968e-02 1.873551e-05 2.587624e-02  96.3%
Clock                0.000000e+00 0.000000e+00 0.000000e+00 0.000000e+00   0.0%
Macro                0.000000e+00 0.000000e+00 0.000000e+00 0.000000e+00   0.0%
Pad                  0.000000e+00 0.000000e+00 0.000000e+00 0.000000e+00   0.0%
------------------------------------------------------------------------
Total                1.639773e-02 1.043417e-02 2.507599e-05 2.685698e-02 100.0%
                            61.1%        38.9%         0.1%

