
===========================================================================
 report_power
============================================================================
======================= nom_ff_n40C_1v95 Corner ===================================

Group                    Internal    Switching      Leakage        Total
                            Power        Power        Power        Power (Watts)
------------------------------------------------------------------------
Sequential           1.240717e-03 3.575240e-04 7.078896e-09 1.598248e-03   3.6%
Combinational        2.041510e-02 2.217382e-02 6.033472e-08 4.258898e-02  96.4%
Clock                0.000000e+00 0.000000e+00 0.000000e+00 0.000000e+00   0.0%
Macro                0.000000e+00 0.000000e+00 0.000000e+00 0.000000e+00   0.0%
Pad                  0.000000e+00 0.000000e+00 0.000000e+00 0.000000e+00   0.0%
------------------------------------------------------------------------
Total                2.165579e-02 2.253136e-02 6.741362e-08 4.418722e-02 100.0%
                            49.0%        51.0%         0.0%

