
===========================================================================
 report_power
============================================================================
======================= nom_tt_025C_1v80 Corner ===================================

Group                    Internal    Switching      Leakage        Total
                            Power        Power        Power        Power (Watts)
------------------------------------------------------------------------
Sequential           1.754566e-03 3.084056e-04 3.892116e-09 2.062975e-03   3.0%
Combinational        3.694980e-02 2.886596e-02 2.383838e-08 6.581578e-02  95.8%
Clock                4.352860e-04 3.703562e-04 1.356307e-09 8.056436e-04   1.2%
Macro                0.000000e+00 0.000000e+00 0.000000e+00 0.000000e+00   0.0%
Pad                  0.000000e+00 0.000000e+00 0.000000e+00 0.000000e+00   0.0%
------------------------------------------------------------------------
Total                3.913967e-02 2.954471e-02 2.908682e-08 6.868441e-02 100.0%
                            57.0%        43.0%         0.0%
Writing metric power__internal__total: 0.03913966938853264
Writing metric power__switching__total: 0.029544705525040627
Writing metric power__leakage__total: 2.9086820063639607e-8
Writing metric power__total: 0.0686844065785408

