
===========================================================================
 report_power
============================================================================
======================= nom_ff_n40C_1v95 Corner ===================================

Group                    Internal    Switching      Leakage        Total
                            Power        Power        Power        Power (Watts)
------------------------------------------------------------------------
Sequential           2.035626e-03 5.095925e-04 7.034480e-09 2.545225e-03   4.2%
Combinational        3.371101e-02 2.494577e-02 4.977336e-08 5.865683e-02  95.8%
Clock                0.000000e+00 0.000000e+00 0.000000e+00 0.000000e+00   0.0%
Macro                0.000000e+00 0.000000e+00 0.000000e+00 0.000000e+00   0.0%
Pad                  0.000000e+00 0.000000e+00 0.000000e+00 0.000000e+00   0.0%
------------------------------------------------------------------------
Total                3.574663e-02 2.545537e-02 5.680797e-08 6.120205e-02 100.0%
                            58.4%        41.6%         0.0%

