┏━━━━━━━━━━━━━━━━━━━━━━┳━━━━━━━━━━┳━━━━━━━━━━┳━━━━━━━━━━┳━━━━━━━━━━┳━━━━━━━━━━━┳━━━━━━━━━━┳━━━━━━━━━━━┳━━━━━━━━━━┳━━━━━━━━━━━┳━━━━━━━━━━┳━━━━━━━━━━━┳━━━━━━━━━━┓
┃                      ┃ Hold     ┃ Reg to   ┃          ┃          ┃ of which  ┃ Setup    ┃           ┃          ┃           ┃ of which ┃           ┃          ┃
┃                      ┃ Worst    ┃ Reg      ┃          ┃ Hold Vio ┃ reg to    ┃ Worst    ┃ Reg to    ┃ Setup    ┃ Setup Vio ┃ reg to   ┃ Max Cap   ┃ Max Slew ┃
┃ Corner/Group         ┃ Slack    ┃ Paths    ┃ Hold TNS ┃ Count    ┃ reg       ┃ Slack    ┃ Reg Paths ┃ TNS      ┃ Count     ┃ reg      ┃ Violatio… ┃ Violati… ┃
┡━━━━━━━━━━━━━━━━━━━━━━╇━━━━━━━━━━╇━━━━━━━━━━╇━━━━━━━━━━╇━━━━━━━━━━╇━━━━━━━━━━━╇━━━━━━━━━━╇━━━━━━━━━━━╇━━━━━━━━━━╇━━━━━━━━━━━╇━━━━━━━━━━╇━━━━━━━━━━━╇━━━━━━━━━━┩
│ Overall              │ 0.0309   │ 0.0309   │ 0.0000   │ 0        │ 0         │ -6.9499  │ -6.9499   │ -185.37… │ 36        │ 36       │ 42        │ 4380     │
│ nom_tt_025C_1v80     │ 0.1849   │ 0.1849   │ 0.0000   │ 0        │ 0         │ 6.1174   │ 6.1174    │ 0.0000   │ 0         │ 0        │ 24        │ 3015     │
│ nom_ss_100C_1v60     │ 0.6052   │ 0.6052   │ 0.0000   │ 0        │ 0         │ -6.9499  │ -6.9499   │ -185.37… │ 36        │ 36       │ 42        │ 4380     │
│ nom_ff_n40C_1v95     │ 0.0309   │ 0.0309   │ 0.0000   │ 0        │ 0         │ 11.2174  │ 11.2174   │ 0.0000   │ 0         │ 0        │ 16        │ 2366     │
└──────────────────────┴──────────┴──────────┴──────────┴──────────┴───────────┴──────────┴───────────┴──────────┴───────────┴──────────┴───────────┴──────────┘
